Component: ARM Compiler 5.06 update 4 (build 422) Tool: armlink [4d35d2]

==============================================================================

Section Cross References

    board.o(i.SysTick_Handler) refers to os_irq.o(i.os_isr_enter) for os_isr_enter
    board.o(i.SysTick_Handler) refers to os_tick.o(i.os_tick_increase) for os_tick_increase
    board.o(i.SysTick_Handler) refers to os_irq.o(i.os_isr_leave) for os_isr_leave
    board.o(i.assert_failed) refers to rtstdio.o(i.printk) for printk
    board.o(i.board_init) refers to io.o(i.io_init) for io_init
    board.o(i.board_init) refers to usart2.o(i.usart2_init) for usart2_init
    board.o(i.board_init) refers to system_stm32f10x.o(.data) for SystemCoreClock
    board.o(i.board_init) refers to usart2.o(i.usart2_output) for usart2_output
    board.o(i.board_init) refers to os_console.o(.data) for console_output
    system_stm32f10x.o(i.SetSysClock) refers to system_stm32f10x.o(i.SetSysClockTo72) for SetSysClockTo72
    system_stm32f10x.o(i.SystemCoreClockUpdate) refers to system_stm32f10x.o(.data) for SystemCoreClock
    system_stm32f10x.o(i.SystemInit) refers to system_stm32f10x.o(i.SetSysClock) for SetSysClock
    usart2.o(i.USART_DMA_Configuration) refers to stm32f10x_dma.o(i.DMA_DeInit) for DMA_DeInit
    usart2.o(i.USART_DMA_Configuration) refers to stm32f10x_dma.o(i.DMA_Init) for DMA_Init
    usart2.o(i.USART_GPIO_Configuration) refers to stm32f10x_gpio.o(i.GPIO_PinRemapConfig) for GPIO_PinRemapConfig
    usart2.o(i.USART_GPIO_Configuration) refers to stm32f10x_gpio.o(i.GPIO_Init) for GPIO_Init
    usart2.o(i.USART_RCC_Configuration) refers to stm32f10x_rcc.o(i.RCC_APB2PeriphClockCmd) for RCC_APB2PeriphClockCmd
    usart2.o(i.USART_RCC_Configuration) refers to stm32f10x_rcc.o(i.RCC_APB1PeriphClockCmd) for RCC_APB1PeriphClockCmd
    usart2.o(i.usart2_init) refers to usart2.o(i.USART_RCC_Configuration) for USART_RCC_Configuration
    usart2.o(i.usart2_init) refers to usart2.o(i.USART_GPIO_Configuration) for USART_GPIO_Configuration
    usart2.o(i.usart2_init) refers to stm32f10x_usart.o(i.USART_Init) for USART_Init
    usart2.o(i.usart2_init) refers to stm32f10x_usart.o(i.USART_Cmd) for USART_Cmd
    usart2.o(i.usart2_init) refers to stm32f10x_usart.o(i.USART_GetFlagStatus) for USART_GetFlagStatus
    usart2.o(i.usart2_output) refers to stm32f10x_usart.o(i.USART_SendData) for USART_SendData
    usart2.o(i.usart2_output) refers to stm32f10x_usart.o(i.USART_GetFlagStatus) for USART_GetFlagStatus
    startup_stm32f10x_cl.o(STACK) refers (Special) to heapauxi.o(.text) for __use_two_region_memory
    startup_stm32f10x_cl.o(HEAP) refers (Special) to heapauxi.o(.text) for __use_two_region_memory
    startup_stm32f10x_cl.o(RESET) refers (Special) to heapauxi.o(.text) for __use_two_region_memory
    startup_stm32f10x_cl.o(RESET) refers to startup_stm32f10x_cl.o(STACK) for __initial_sp
    startup_stm32f10x_cl.o(RESET) refers to startup_stm32f10x_cl.o(.text) for Reset_Handler
    startup_stm32f10x_cl.o(RESET) refers to context_rvds.o(.text) for HardFault_Handler
    startup_stm32f10x_cl.o(RESET) refers to board.o(i.SysTick_Handler) for SysTick_Handler
    startup_stm32f10x_cl.o(.text) refers (Special) to heapauxi.o(.text) for __use_two_region_memory
    startup_stm32f10x_cl.o(.text) refers to system_stm32f10x.o(i.SystemInit) for SystemInit
    startup_stm32f10x_cl.o(.text) refers to __main.o(!!!main) for __main
    startup_stm32f10x_cl.o(.text) refers to startup_stm32f10x_cl.o(HEAP) for Heap_Mem
    startup_stm32f10x_cl.o(.text) refers to startup_stm32f10x_cl.o(STACK) for Stack_Mem
    io.o(i.io_init) refers to stm32f10x_rcc.o(i.RCC_APB2PeriphClockCmd) for RCC_APB2PeriphClockCmd
    io.o(i.io_init) refers to stm32f10x_gpio.o(i.GPIO_Init) for GPIO_Init
    misc.o(i.NVIC_Init) refers to board.o(i.assert_failed) for assert_failed
    misc.o(i.NVIC_PriorityGroupConfig) refers to board.o(i.assert_failed) for assert_failed
    misc.o(i.NVIC_SetVectorTable) refers to board.o(i.assert_failed) for assert_failed
    misc.o(i.NVIC_SystemLPConfig) refers to board.o(i.assert_failed) for assert_failed
    misc.o(i.SysTick_CLKSourceConfig) refers to board.o(i.assert_failed) for assert_failed
    stm32f10x_dma.o(i.DMA_ClearFlag) refers to board.o(i.assert_failed) for assert_failed
    stm32f10x_dma.o(i.DMA_ClearITPendingBit) refers to board.o(i.assert_failed) for assert_failed
    stm32f10x_dma.o(i.DMA_Cmd) refers to board.o(i.assert_failed) for assert_failed
    stm32f10x_dma.o(i.DMA_DeInit) refers to board.o(i.assert_failed) for assert_failed
    stm32f10x_dma.o(i.DMA_GetCurrDataCounter) refers to board.o(i.assert_failed) for assert_failed
    stm32f10x_dma.o(i.DMA_GetFlagStatus) refers to board.o(i.assert_failed) for assert_failed
    stm32f10x_dma.o(i.DMA_GetITStatus) refers to board.o(i.assert_failed) for assert_failed
[...]
    Removing stm32f10x_rcc.o(i.RCC_PLL3Config), (136 bytes).
    Removing stm32f10x_rcc.o(i.RCC_PLLCmd), (76 bytes).
    Removing stm32f10x_rcc.o(i.RCC_PLLConfig), (152 bytes).
    Removing stm32f10x_rcc.o(i.RCC_PREDIV1Config), (176 bytes).
    Removing stm32f10x_rcc.o(i.RCC_PREDIV2Config), (144 bytes).
    Removing stm32f10x_rcc.o(i.RCC_RTCCLKCmd), (76 bytes).
    Removing stm32f10x_rcc.o(i.RCC_RTCCLKConfig), (96 bytes).
    Removing stm32f10x_rcc.o(i.RCC_SYSCLKConfig), (92 bytes).
    Removing stm32f10x_rcc.o(i.RCC_WaitForHSEStartUp), (56 bytes).
    Removing stm32f10x_spi.o(.rev16_text), (4 bytes).
    Removing stm32f10x_spi.o(.revsh_text), (4 bytes).
    Removing stm32f10x_spi.o(.rrx_text), (6 bytes).
    Removing stm32f10x_spi.o(i.I2S_Cmd), (124 bytes).
    Removing stm32f10x_spi.o(i.I2S_Init), (564 bytes).
    Removing stm32f10x_spi.o(i.I2S_StructInit), (20 bytes).
    Removing stm32f10x_spi.o(i.SPI_BiDirectionalLineConfig), (148 bytes).
    Removing stm32f10x_spi.o(i.SPI_CalculateCRC), (136 bytes).
    Removing stm32f10x_spi.o(i.SPI_Cmd), (136 bytes).
    Removing stm32f10x_spi.o(i.SPI_DataSizeConfig), (132 bytes).
    Removing stm32f10x_spi.o(i.SPI_GetCRC), (128 bytes).
    Removing stm32f10x_spi.o(i.SPI_GetCRCPolynomial), (96 bytes).
    Removing stm32f10x_spi.o(i.SPI_I2S_ClearFlag), (116 bytes).
    Removing stm32f10x_spi.o(i.SPI_I2S_ClearITPendingBit), (128 bytes).
    Removing stm32f10x_spi.o(i.SPI_I2S_DMACmd), (152 bytes).
    Removing stm32f10x_spi.o(i.SPI_I2S_DeInit), (160 bytes).
    Removing stm32f10x_spi.o(i.SPI_I2S_GetFlagStatus), (156 bytes).
    Removing stm32f10x_spi.o(i.SPI_I2S_GetITStatus), (192 bytes).
    Removing stm32f10x_spi.o(i.SPI_I2S_ITConfig), (176 bytes).
    Removing stm32f10x_spi.o(i.SPI_I2S_ReceiveData), (96 bytes).
    Removing stm32f10x_spi.o(i.SPI_I2S_SendData), (96 bytes).
    Removing stm32f10x_spi.o(i.SPI_Init), (384 bytes).
    Removing stm32f10x_spi.o(i.SPI_NSSInternalSoftwareConfig), (148 bytes).
    Removing stm32f10x_spi.o(i.SPI_SSOutputCmd), (136 bytes).
    Removing stm32f10x_spi.o(i.SPI_StructInit), (24 bytes).
    Removing stm32f10x_spi.o(i.SPI_TransmitCRC), (100 bytes).
    Removing stm32f10x_usart.o(.rev16_text), (4 bytes).
    Removing stm32f10x_usart.o(.revsh_text), (4 bytes).
    Removing stm32f10x_usart.o(.rrx_text), (6 bytes).
    Removing stm32f10x_usart.o(i.USART_ClearFlag), (184 bytes).
    Removing stm32f10x_usart.o(i.USART_ClearITPendingBit), (220 bytes).
    Removing stm32f10x_usart.o(i.USART_ClockInit), (224 bytes).
    Removing stm32f10x_usart.o(i.USART_ClockStructInit), (12 bytes).
    Removing stm32f10x_usart.o(i.USART_DMACmd), (176 bytes).
    Removing stm32f10x_usart.o(i.USART_DeInit), (244 bytes).
    Removing stm32f10x_usart.o(i.USART_GetITStatus), (320 bytes).
    Removing stm32f10x_usart.o(i.USART_HalfDuplexCmd), (160 bytes).
    Removing stm32f10x_usart.o(i.USART_ITConfig), (316 bytes).
    Removing stm32f10x_usart.o(i.USART_IrDACmd), (160 bytes).
    Removing stm32f10x_usart.o(i.USART_IrDAConfig), (152 bytes).
    Removing stm32f10x_usart.o(i.USART_LINBreakDetectLengthConfig), (152 bytes).
    Removing stm32f10x_usart.o(i.USART_LINCmd), (160 bytes).
    Removing stm32f10x_usart.o(i.USART_OneBitMethodCmd), (160 bytes).
    Removing stm32f10x_usart.o(i.USART_OverSampling8Cmd), (156 bytes).
    Removing stm32f10x_usart.o(i.USART_ReceiveData), (124 bytes).
    Removing stm32f10x_usart.o(i.USART_ReceiverWakeUpCmd), (160 bytes).
    Removing stm32f10x_usart.o(i.USART_SendBreak), (124 bytes).
    Removing stm32f10x_usart.o(i.USART_SetAddress), (152 bytes).
    Removing stm32f10x_usart.o(i.USART_SetGuardTime), (112 bytes).
    Removing stm32f10x_usart.o(i.USART_SetPrescaler), (132 bytes).
    Removing stm32f10x_usart.o(i.USART_SmartCardCmd), (140 bytes).
    Removing stm32f10x_usart.o(i.USART_SmartCardNACKCmd), (140 bytes).
    Removing stm32f10x_usart.o(i.USART_StructInit), (24 bytes).
    Removing stm32f10x_usart.o(i.USART_WakeUpConfig), (156 bytes).
    Removing cpuport.o(i.os_arch_exception_install), (12 bytes).
    Removing os_error.o(i.os_errno_get), (40 bytes).
    Removing os_error.o(i.os_errno_set), (44 bytes).
    Removing os_error.o(.data), (1 bytes).
    Removing os_event.o(i.os_event_delete), (48 bytes).
    Removing os_event.o(i.os_event_get), (444 bytes).
    Removing os_event.o(i.os_event_init), (56 bytes).
    Removing os_event.o(i.os_event_put), (204 bytes).
    Removing os_event.o(i.os_event_reset), (68 bytes).
    Removing os_event.o(.constdata), (71 bytes).
    Removing os_heap.o(i.os_calloc), (124 bytes).
    Removing os_heap.o(i.os_free), (384 bytes).
    Removing os_heap.o(i.os_malloc), (724 bytes).
    Removing os_heap.o(i.os_memory_info), (40 bytes).
    Removing os_heap.o(i.os_realloc), (372 bytes).
    Removing os_heap.o(i.plug_holes), (260 bytes).
    Removing os_heap.o(.conststring), (148 bytes).
    Removing os_ipc.o(i.os_list_resume), (24 bytes).
    Removing os_ipc.o(i.os_list_resume_all), (50 bytes).
    Removing os_ipc.o(i.os_list_suspend), (108 bytes).
    Removing os_mbox.o(i.os_mbox_delete), (52 bytes).
    Removing os_mbox.o(i.os_mbox_get), (448 bytes).
    Removing os_mbox.o(i.os_mbox_init), (76 bytes).
    Removing os_mbox.o(i.os_mbox_put), (18 bytes).
    Removing os_mbox.o(i.os_mbox_put_wait), (440 bytes).
    Removing os_mbox.o(i.os_mbox_reset), (80 bytes).
    Removing os_mbox.o(.constdata), (71 bytes).
    Removing os_mpool.o(i.os_mpool_alloc), (300 bytes).
    Removing os_mpool.o(i.os_mpool_delete), (88 bytes).
    Removing os_mpool.o(i.os_mpool_free), (80 bytes).
    Removing os_mpool.o(i.os_mpool_init), (136 bytes).
    Removing os_mpool.o(.constdata), (45 bytes).
    Removing os_mqueue.o(i.os_mqueue_delete), (44 bytes).
    Removing os_mqueue.o(i.os_mqueue_get), (512 bytes).
    Removing os_mqueue.o(i.os_mqueue_init), (124 bytes).
    Removing os_mqueue.o(i.os_mqueue_put), (212 bytes).
    Removing os_mqueue.o(i.os_mqueue_put_urgent), (204 bytes).
    Removing os_mqueue.o(i.os_mqueue_reset), (100 bytes).
    Removing os_mqueue.o(.constdata), (97 bytes).
    Removing os_mutex.o(i.os_mutex_delete), (48 bytes).
    Removing os_mutex.o(i.os_mutex_init), (68 bytes).
    Removing os_mutex.o(i.os_mutex_release), (332 bytes).
    Removing os_mutex.o(i.os_mutex_take), (396 bytes).
    Removing os_mutex.o(.constdata), (61 bytes).
    Removing os_sem.o(i.os_sem_delete), (44 bytes).
    Removing os_sem.o(i.os_sem_give), (58 bytes).
    Removing os_sem.o(i.os_sem_reset), (64 bytes).
    Removing os_sem.o(i.os_sem_take), (320 bytes).
    Removing os_sem.o(i.os_sem_trytake), (14 bytes).
    Removing os_task.o(i.os_task_delete), (92 bytes).
    Removing os_task.o(i.os_task_priority_set), (132 bytes).
    Removing os_tick.o(i.os_tick_from_millisecond), (20 bytes).
    Removing os_timer.o(i.os_timer_tick_get), (48 bytes).
    Removing rtstdio.o(i.os_snprintf), (38 bytes).
    Removing rtstdio.o(i.os_sprintf), (34 bytes).
    Removing rtstdio.o(i.os_vsprintf), (22 bytes).
    Removing rtstring.o(i.os_memcmp), (38 bytes).
    Removing rtstring.o(i.os_memcpy), (124 bytes).
    Removing rtstring.o(i.os_memmove), (66 bytes).
    Removing rtstring.o(i.os_strcasecmp), (48 bytes).
    Removing rtstring.o(i.os_strcmp), (28 bytes).
    Removing rtstring.o(i.os_strncmp), (40 bytes).
    Removing rtstring.o(i.os_strncpy), (52 bytes).
    Removing rtstring.o(i.os_strstr), (58 bytes).
    Removing timer_test.o(.rev16_text), (4 bytes).
    Removing timer_test.o(.revsh_text), (4 bytes).
    Removing timer_test.o(.rrx_text), (6 bytes).

217 unused section(s) (total 26514 bytes) removed from the image.

==============================================================================

Image Symbol Table

    Local Symbols

    Symbol Name                              Value     Ov Type        Size  Object(Section)

    ../clib/angel/boardlib.s                 0x00000000   Number         0  boardinit1.o ABSOLUTE
    ../clib/angel/boardlib.s                 0x00000000   Number         0  boardinit2.o ABSOLUTE
    ../clib/angel/boardlib.s                 0x00000000   Number         0  boardshut.o ABSOLUTE
    ../clib/angel/boardlib.s                 0x00000000   Number         0  boardinit3.o ABSOLUTE
    ../clib/angel/handlers.s                 0x00000000   Number         0  __scatter_zi.o ABSOLUTE
    ../clib/angel/handlers.s                 0x00000000   Number         0  __scatter_copy.o ABSOLUTE
    ../clib/angel/kernel.s                   0x00000000   Number         0  __rtentry4.o ABSOLUTE
    ../clib/angel/kernel.s                   0x00000000   Number         0  __rtentry.o ABSOLUTE
    ../clib/angel/kernel.s                   0x00000000   Number         0  __rtentry2.o ABSOLUTE
    ../clib/angel/kernel.s                   0x00000000   Number         0  rtexit.o ABSOLUTE
    ../clib/angel/kernel.s                   0x00000000   Number         0  rtexit2.o ABSOLUTE
    ../clib/angel/rt.s                       0x00000000   Number         0  rt_raise.o ABSOLUTE
    ../clib/angel/scatter.s                  0x00000000   Number         0  __scatter.o ABSOLUTE
    ../clib/angel/startup.s                  0x00000000   Number         0  __main.o ABSOLUTE
    ../clib/angel/sys.s                      0x00000000   Number         0  libspace.o ABSOLUTE
    ../clib/angel/sys.s                      0x00000000   Number         0  sys_stackheap_outer.o ABSOLUTE
    ../clib/angel/sys.s                      0x00000000   Number         0  indicate_semi.o ABSOLUTE
    ../clib/angel/sys.s                      0x00000000   Number         0  use_no_semi.o ABSOLUTE
    ../clib/angel/sysapp.c                   0x00000000   Number         0  sys_command.o ABSOLUTE
    ../clib/angel/sysapp.c                   0x00000000   Number         0  sys_exit.o ABSOLUTE
    ../clib/angel/sysapp.c                   0x00000000   Number         0  sys_wrch.o ABSOLUTE
    ../clib/armsys.c                         0x00000000   Number         0  argv_veneer.o ABSOLUTE
    ../clib/armsys.c                         0x00000000   Number         0  no_argv.o ABSOLUTE
    ../clib/armsys.c                         0x00000000   Number         0  _get_argv_nomalloc.o ABSOLUTE
    ../clib/armsys.c                         0x00000000   Number         0  argv_veneer.o ABSOLUTE
    ../clib/heapalloc.c                      0x00000000   Number         0  hrguard.o ABSOLUTE
    ../clib/heapaux.c                        0x00000000   Number         0  heapauxi.o ABSOLUTE
    ../clib/libinit.s                        0x00000000   Number         0  libinit2.o ABSOLUTE
    ../clib/libinit.s                        0x00000000   Number         0  libshutdown2.o ABSOLUTE
    ../clib/libinit.s                        0x00000000   Number         0  libshutdown.o ABSOLUTE
    ../clib/libinit.s                        0x00000000   Number         0  libinit.o ABSOLUTE
    ../clib/signal.c                         0x00000000   Number         0  defsig_other.o ABSOLUTE
    ../clib/signal.c                         0x00000000   Number         0  __raise.o ABSOLUTE
    ../clib/signal.c                         0x00000000   Number         0  defsig_general.o ABSOLUTE
    ../clib/signal.c                         0x00000000   Number         0  defsig_pvfn_inner.o ABSOLUTE
    ../clib/signal.c                         0x00000000   Number         0  defsig_rtmem_inner.o ABSOLUTE
    ../clib/signal.c                         0x00000000   Number         0  defsig_abrt_inner.o ABSOLUTE
    ../clib/signal.c                         0x00000000   Number         0  defsig_fpe_inner.o ABSOLUTE
    ../clib/signal.c                         0x00000000   Number         0  defsig_rtred_inner.o ABSOLUTE
    ../clib/signal.c                         0x00000000   Number         0  defsig_stak_inner.o ABSOLUTE
    ../clib/signal.c                         0x00000000   Number         0  defsig_rtmem_outer.o ABSOLUTE
    ../clib/signal.c                         0x00000000   Number         0  defsig_rtmem_formal.o ABSOLUTE
    ../clib/signal.c                         0x00000000   Number         0  defsig_cppl_inner.o ABSOLUTE
    ../clib/signal.c                         0x00000000   Number         0  defsig_segv_inner.o ABSOLUTE
    ../clib/signal.c                         0x00000000   Number         0  defsig_exit.o ABSOLUTE
    ../clib/signal.s                         0x00000000   Number         0  defsig.o ABSOLUTE
    ../clib/stdlib.c                         0x00000000   Number         0  exit.o ABSOLUTE
    ../fplib/fpinit.s                        0x00000000   Number         0  fpinit.o ABSOLUTE
    ..\..\board\shenzhou\src\board.c         0x00000000   Number         0  board.o ABSOLUTE
    ..\..\board\shenzhou\src\io.c            0x00000000   Number         0  io.o ABSOLUTE
    ..\..\board\shenzhou\src\startup_stm32f10x_cl.s 0x00000000   Number         0  startup_stm32f10x_cl.o ABSOLUTE
    ..\..\board\shenzhou\src\system_stm32f10x.c 0x00000000   Number         0  system_stm32f10x.o ABSOLUTE
    ..\..\board\shenzhou\src\usart2.c        0x00000000   Number         0  usart2.o ABSOLUTE
    ..\..\lib\c\src\rtstdio.c                0x00000000   Number         0  rtstdio.o ABSOLUTE
    ..\..\lib\c\src\rtstring.c               0x00000000   Number         0  rtstring.o ABSOLUTE
    ..\..\lib\os\src\arch\cortex_m3\context_rvds.S 0x00000000   Number         0  context_rvds.o ABSOLUTE
    ..\..\lib\os\src\arch\cortex_m3\cpuport.c 0x00000000   Number         0  cpuport.o ABSOLUTE
    ..\..\lib\os\src\os.c                    0x00000000   Number         0  os.o ABSOLUTE
    ..\..\lib\os\src\os_console.c            0x00000000   Number         0  os_console.o ABSOLUTE
    ..\..\lib\os\src\os_error.c              0x00000000   Number         0  os_error.o ABSOLUTE
    ..\..\lib\os\src\os_event.c              0x00000000   Number         0  os_event.o ABSOLUTE
    ..\..\lib\os\src\os_heap.c               0x00000000   Number         0  os_heap.o ABSOLUTE
    ..\..\lib\os\src\os_idle.c               0x00000000   Number         0  os_idle.o ABSOLUTE
    ..\..\lib\os\src\os_ipc.c                0x00000000   Number         0  os_ipc.o ABSOLUTE
    ..\..\lib\os\src\os_irq.c                0x00000000   Number         0  os_irq.o ABSOLUTE
    ..\..\lib\os\src\os_list.c               0x00000000   Number         0  os_list.o ABSOLUTE
    ..\..\lib\os\src\os_mbox.c               0x00000000   Number         0  os_mbox.o ABSOLUTE
    ..\..\lib\os\src\os_misc.c               0x00000000   Number         0  os_misc.o ABSOLUTE
    ..\..\lib\os\src\os_mpool.c              0x00000000   Number         0  os_mpool.o ABSOLUTE
    ..\..\lib\os\src\os_mqueue.c             0x00000000   Number         0  os_mqueue.o ABSOLUTE
    ..\..\lib\os\src\os_mutex.c              0x00000000   Number         0  os_mutex.o ABSOLUTE
    ..\..\lib\os\src\os_sched.c              0x00000000   Number         0  os_sched.o ABSOLUTE
    ..\..\lib\os\src\os_sem.c                0x00000000   Number         0  os_sem.o ABSOLUTE
    ..\..\lib\os\src\os_task.c               0x00000000   Number         0  os_task.o ABSOLUTE
    ..\..\lib\os\src\os_tick.c               0x00000000   Number         0  os_tick.o ABSOLUTE
    ..\..\lib\os\src\os_timer.c              0x00000000   Number         0  os_timer.o ABSOLUTE
    ..\..\lib\os\src\os_timer_task.c         0x00000000   Number         0  os_timer_task.o ABSOLUTE
    ..\..\lib\os\src\os_version.c            0x00000000   Number         0  os_version.o ABSOLUTE
    ..\..\mcu\stm\stm32f1xx\src\misc.c       0x00000000   Number         0  misc.o ABSOLUTE
    ..\..\mcu\stm\stm32f1xx\src\stm32f10x_dma.c 0x00000000   Number         0  stm32f10x_dma.o ABSOLUTE
    ..\..\mcu\stm\stm32f1xx\src\stm32f10x_gpio.c 0x00000000   Number         0  stm32f10x_gpio.o ABSOLUTE
    ..\..\mcu\stm\stm32f1xx\src\stm32f10x_rcc.c 0x00000000   Number         0  stm32f10x_rcc.o ABSOLUTE
    ..\..\mcu\stm\stm32f1xx\src\stm32f10x_spi.c 0x00000000   Number         0  stm32f10x_spi.o ABSOLUTE
    ..\..\mcu\stm\stm32f1xx\src\stm32f10x_usart.c 0x00000000   Number         0  stm32f10x_usart.o ABSOLUTE
    ..\\..\\board\\shenzhou\\src\\board.c    0x00000000   Number         0  board.o ABSOLUTE
    ..\\..\\board\\shenzhou\\src\\io.c       0x00000000   Number         0  io.o ABSOLUTE
    ..\\..\\board\\shenzhou\\src\\system_stm32f10x.c 0x00000000   Number         0  system_stm32f10x.o ABSOLUTE
    ..\\..\\board\\shenzhou\\src\\usart2.c   0x00000000   Number         0  usart2.o ABSOLUTE
    ..\\..\\lib\\os\\src\\arch\\cortex_m3\\cpuport.c 0x00000000   Number         0  cpuport.o ABSOLUTE
    ..\\..\\mcu\\stm\\stm32f1xx\\src\\misc.c 0x00000000   Number         0  misc.o ABSOLUTE
    ..\\..\\mcu\\stm\\stm32f1xx\\src\\stm32f10x_dma.c 0x00000000   Number         0  stm32f10x_dma.o ABSOLUTE
    ..\\..\\mcu\\stm\\stm32f1xx\\src\\stm32f10x_gpio.c 0x00000000   Number         0  stm32f10x_gpio.o ABSOLUTE
    ..\\..\\mcu\\stm\\stm32f1xx\\src\\stm32f10x_rcc.c 0x00000000   Number         0  stm32f10x_rcc.o ABSOLUTE
    ..\\..\\mcu\\stm\\stm32f1xx\\src\\stm32f10x_spi.c 0x00000000   Number         0  stm32f10x_spi.o ABSOLUTE
    ..\\..\\mcu\\stm\\stm32f1xx\\src\\stm32f10x_usart.c 0x00000000   Number         0  stm32f10x_usart.o ABSOLUTE
    dc.s                                     0x00000000   Number         0  dc.o ABSOLUTE
    src\\timer_test.c                        0x00000000   Number         0  timer_test.o ABSOLUTE
    src\application.c                        0x00000000   Number         0  application.o ABSOLUTE
    src\main.c                               0x00000000   Number         0  main.o ABSOLUTE
    src\timer_test.c                         0x00000000   Number         0  timer_test.o ABSOLUTE
    RESET                                    0x08000000   Section      336  startup_stm32f10x_cl.o(RESET)
    !!!main                                  0x08000150   Section        8  __main.o(!!!main)
    !!!scatter                               0x08000158   Section       52  __scatter.o(!!!scatter)
    !!handler_copy                           0x0800018c   Section       26  __scatter_copy.o(!!handler_copy)
    !!handler_zi                             0x080001a8   Section       28  __scatter_zi.o(!!handler_zi)
    .ARM.Collect$$libinit$$00000000          0x080001c4   Section        2  libinit.o(.ARM.Collect$$libinit$$00000000)
    .ARM.Collect$$libinit$$00000002          0x080001c6   Section        0  libinit2.o(.ARM.Collect$$libinit$$00000002)
    .ARM.Collect$$libinit$$00000004          0x080001c6   Section        0  libinit2.o(.ARM.Collect$$libinit$$00000004)
    .ARM.Collect$$libinit$$0000000A          0x080001c6   Section        0  libinit2.o(.ARM.Collect$$libinit$$0000000A)
    .ARM.Collect$$libinit$$0000000C          0x080001c6   Section        0  libinit2.o(.ARM.Collect$$libinit$$0000000C)
    .ARM.Collect$$libinit$$0000000E          0x080001c6   Section        0  libinit2.o(.ARM.Collect$$libinit$$0000000E)
    .ARM.Collect$$libinit$$00000011          0x080001c6   Section        0  libinit2.o(.ARM.Collect$$libinit$$00000011)
    .ARM.Collect$$libinit$$00000013          0x080001c6   Section        0  libinit2.o(.ARM.Collect$$libinit$$00000013)
    .ARM.Collect$$libinit$$00000015          0x080001c6   Section        0  libinit2.o(.ARM.Collect$$libinit$$00000015)
    .ARM.Collect$$libinit$$00000017          0x080001c6   Section        0  libinit2.o(.ARM.Collect$$libinit$$00000017)
    .ARM.Collect$$libinit$$00000019          0x080001c6   Section        0  libinit2.o(.ARM.Collect$$libinit$$00000019)
    .ARM.Collect$$libinit$$0000001B          0x080001c6   Section        0  libinit2.o(.ARM.Collect$$libinit$$0000001B)
    .ARM.Collect$$libinit$$0000001D          0x080001c6   Section        0  libinit2.o(.ARM.Collect$$libinit$$0000001D)
    .ARM.Collect$$libinit$$0000001F          0x080001c6   Section        0  libinit2.o(.ARM.Collect$$libinit$$0000001F)
    .ARM.Collect$$libinit$$00000021          0x080001c6   Section        0  libinit2.o(.ARM.Collect$$libinit$$00000021)
    .ARM.Collect$$libinit$$00000023          0x080001c6   Section        0  libinit2.o(.ARM.Collect$$libinit$$00000023)
    .ARM.Collect$$libinit$$00000025          0x080001c6   Section        0  libinit2.o(.ARM.Collect$$libinit$$00000025)
    .ARM.Collect$$libinit$$0000002C          0x080001c6   Section        0  libinit2.o(.ARM.Collect$$libinit$$0000002C)
    .ARM.Collect$$libinit$$0000002E          0x080001c6   Section        0  libinit2.o(.ARM.Collect$$libinit$$0000002E)
    .ARM.Collect$$libinit$$00000030          0x080001c6   Section        0  libinit2.o(.ARM.Collect$$libinit$$00000030)
    .ARM.Collect$$libinit$$00000032          0x080001c6   Section        0  libinit2.o(.ARM.Collect$$libinit$$00000032)
    .ARM.Collect$$libinit$$00000033          0x080001c6   Section        2  libinit2.o(.ARM.Collect$$libinit$$00000033)
    .ARM.Collect$$libshutdown$$00000000      0x080001c8   Section        2  libshutdown.o(.ARM.Collect$$libshutdown$$00000000)
    .ARM.Collect$$libshutdown$$00000002      0x080001ca   Section        0  libshutdown2.o(.ARM.Collect$$libshutdown$$00000002)
    .ARM.Collect$$libshutdown$$00000004      0x080001ca   Section        0  libshutdown2.o(.ARM.Collect$$libshutdown$$00000004)
    .ARM.Collect$$libshutdown$$00000007      0x080001ca   Section        0  libshutdown2.o(.ARM.Collect$$libshutdown$$00000007)
    .ARM.Collect$$libshutdown$$0000000A      0x080001ca   Section        0  libshutdown2.o(.ARM.Collect$$libshutdown$$0000000A)
    .ARM.Collect$$libshutdown$$0000000C      0x080001ca   Section        0  libshutdown2.o(.ARM.Collect$$libshutdown$$0000000C)
    .ARM.Collect$$libshutdown$$0000000F      0x080001ca   Section        0  libshutdown2.o(.ARM.Collect$$libshutdown$$0000000F)
    .ARM.Collect$$libshutdown$$00000010      0x080001ca   Section        2  libshutdown2.o(.ARM.Collect$$libshutdown$$00000010)
    .ARM.Collect$$rtentry$$00000000          0x080001cc   Section        0  __rtentry.o(.ARM.Collect$$rtentry$$00000000)
    .ARM.Collect$$rtentry$$00000002          0x080001cc   Section        0  __rtentry2.o(.ARM.Collect$$rtentry$$00000002)
    .ARM.Collect$$rtentry$$00000004          0x080001cc   Section        6  __rtentry4.o(.ARM.Collect$$rtentry$$00000004)
    .ARM.Collect$$rtentry$$00000009          0x080001d2   Section        0  __rtentry2.o(.ARM.Collect$$rtentry$$00000009)
    .ARM.Collect$$rtentry$$0000000A          0x080001d2   Section        4  __rtentry2.o(.ARM.Collect$$rtentry$$0000000A)
    .ARM.Collect$$rtentry$$0000000C          0x080001d6   Section        0  __rtentry2.o(.ARM.Collect$$rtentry$$0000000C)
    .ARM.Collect$$rtentry$$0000000D          0x080001d6   Section        8  __rtentry2.o(.ARM.Collect$$rtentry$$0000000D)
    .ARM.Collect$$rtexit$$00000000           0x080001de   Section        2  rtexit.o(.ARM.Collect$$rtexit$$00000000)
    .ARM.Collect$$rtexit$$00000002           0x080001e0   Section        0  rtexit2.o(.ARM.Collect$$rtexit$$00000002)
    .ARM.Collect$$rtexit$$00000003           0x080001e0   Section        4  rtexit2.o(.ARM.Collect$$rtexit$$00000003)
    .ARM.Collect$$rtexit$$00000004           0x080001e4   Section        6  rtexit2.o(.ARM.Collect$$rtexit$$00000004)
    .emb_text                                0x080001ec   Section       16  cpuport.o(.emb_text)
    .text                                    0x080001fc   Section       64  startup_stm32f10x_cl.o(.text)
    .text                                    0x0800023c   Section      236  context_rvds.o(.text)
    .text                                    0x08000328   Section        0  heapauxi.o(.text)
    .text                                    0x0800032e   Section       74  sys_stackheap_outer.o(.text)
    .text                                    0x08000378   Section        0  exit.o(.text)
    .text                                    0x0800038c   Section        8  libspace.o(.text)
    .text                                    0x08000394   Section        0  sys_exit.o(.text)
    .text                                    0x080003a0   Section        2  use_no_semi.o(.text)
    .text                                    0x080003a2   Section        0  indicate_semi.o(.text)
    i.GPIO_Init                              0x080003a4   Section        0  stm32f10x_gpio.o(i.GPIO_Init)
    i.GPIO_PinRemapConfig                    0x0800056c   Section        0  stm32f10x_gpio.o(i.GPIO_PinRemapConfig)
    i.GPIO_TogglePin                         0x080007b4   Section        0  io.o(i.GPIO_TogglePin)
    i.RCC_APB1PeriphClockCmd                 0x080007bc   Section        0  stm32f10x_rcc.o(i.RCC_APB1PeriphClockCmd)
    i.RCC_APB2PeriphClockCmd                 0x08000838   Section        0  stm32f10x_rcc.o(i.RCC_APB2PeriphClockCmd)
    i.RCC_GetClocksFreq                      0x080008b4   Section        0  stm32f10x_rcc.o(i.RCC_GetClocksFreq)
    i.SetSysClock                            0x08000a44   Section        0  system_stm32f10x.o(i.SetSysClock)
    SetSysClock                              0x08000a45   Thumb Code     8  system_stm32f10x.o(i.SetSysClock)
    i.SetSysClockTo72                        0x08000a4c   Section        0  system_stm32f10x.o(i.SetSysClockTo72)
    SetSysClockTo72                          0x08000a4d   Thumb Code   264  system_stm32f10x.o(i.SetSysClockTo72)
    i.SysTick_Handler                        0x08000b64   Section        0  board.o(i.SysTick_Handler)
    i.SystemInit                             0x08000b74   Section        0  system_stm32f10x.o(i.SystemInit)
    i.USART_Cmd                              0x08000be0   Section        0  stm32f10x_usart.o(i.USART_Cmd)
    i.USART_GPIO_Configuration               0x08000c80   Section        0  usart2.o(i.USART_GPIO_Configuration)
    i.USART_GetFlagStatus                    0x08000cc0   Section        0  stm32f10x_usart.o(i.USART_GetFlagStatus)
    i.USART_Init                             0x08000da4   Section        0  stm32f10x_usart.o(i.USART_Init)
    i.USART_RCC_Configuration                0x08000fb0   Section        0  usart2.o(i.USART_RCC_Configuration)
    i.USART_SendData                         0x08000fcc   Section        0  stm32f10x_usart.o(i.USART_SendData)
    i._has_defunct_task                      0x0800105c   Section        0  os_idle.o(i._has_defunct_task)
    _has_defunct_task                        0x0800105d   Thumb Code    16  os_idle.o(i._has_defunct_task)
    i._os_sched_stack_check                  0x08001070   Section        0  os_sched.o(i._os_sched_stack_check)
    _os_sched_stack_check                    0x08001071   Thumb Code    86  os_sched.o(i._os_sched_stack_check)
    i._os_task_init                          0x0800112c   Section        0  os_task.o(i._os_task_init)
    _os_task_init                            0x0800112d   Thumb Code   132  os_task.o(i._os_task_init)
    i._os_timer_init                         0x080011dc   Section        0  os_timer.o(i._os_timer_init)
    _os_timer_init                           0x080011dd   Thumb Code    50  os_timer.o(i._os_timer_init)
    i._os_timer_remove                       0x0800120e   Section        0  os_timer.o(i._os_timer_remove)
    i.application_init                       0x0800121c   Section        0  application.o(i.application_init)
    i.assert_failed                          0x08001288   Section        0  board.o(i.assert_failed)
    i.board_init                             0x080012f8   Section        0  board.o(i.board_init)
    i.console_output_null                    0x0800136c   Section        0  os_console.o(i.console_output_null)
    i.init_task_cleanup                      0x08001370   Section        0  application.o(i.init_task_cleanup)
    i.init_task_entry                        0x08001390   Section        0  application.o(i.init_task_entry)
    i.io_init                                0x080013a8   Section        0  io.o(i.io_init)
    i.main                                   0x080013d4   Section        0  main.o(i.main)
    i.os_arch_hard_fault_exception           0x080013ec   Section        0  cpuport.o(i.os_arch_hard_fault_exception)
    i.os_arch_task_stack_init                0x080015e8   Section        0  cpuport.o(i.os_arch_task_stack_init)
    i.os_assert                              0x08001634   Section        0  os_misc.o(i.os_assert)
    i.os_heap_init                           0x08001690   Section        0  os_heap.o(i.os_heap_init)
    i.os_init                                0x080017e0   Section        0  os.o(i.os_init)
    i.os_init_idle_task                      0x080017f8   Section        0  os_idle.o(i.os_init_idle_task)
    i.os_init_timer_task                     0x08001834   Section        0  os_timer_task.o(i.os_init_timer_task)
    i.os_isr_enter                           0x08001870   Section        0  os_irq.o(i.os_isr_enter)
    i.os_isr_leave                           0x08001894   Section        0  os_irq.o(i.os_isr_leave)
    i.os_isr_nest_get                        0x080018b8   Section        0  os_irq.o(i.os_isr_nest_get)
    i.os_list_init                           0x080018c4   Section        0  os_list.o(i.os_list_init)
    i.os_list_insert_after                   0x080018ca   Section        0  os_list.o(i.os_list_insert_after)
    i.os_list_insert_before                  0x080018d8   Section        0  os_list.o(i.os_list_insert_before)
    i.os_list_isempty                        0x080018e6   Section        0  os_list.o(i.os_list_isempty)
    i.os_list_remove                         0x080018f6   Section        0  os_list.o(i.os_list_remove)
    i.os_memset                              0x08001908   Section        0  rtstring.o(i.os_memset)
    i.os_sched                               0x08001950   Section        0  os_sched.o(i.os_sched)
    i.os_sched_init                          0x080019e8   Section        0  os_sched.o(i.os_sched_init)
    i.os_sched_insert                        0x08001a34   Section        0  os_sched.o(i.os_sched_insert)
    i.os_sched_lock                          0x08001ab8   Section        0  os_sched.o(i.os_sched_lock)
    i.os_sched_remove                        0x08001ad8   Section        0  os_sched.o(i.os_sched_remove)
    i.os_sched_start                         0x08001b68   Section        0  os_sched.o(i.os_sched_start)
    i.os_sched_unlock                        0x08001bb0   Section        0  os_sched.o(i.os_sched_unlock)
    i.os_sem_init                            0x08001bec   Section        0  os_sem.o(i.os_sem_init)
    i.os_soft_timer_check                    0x08001c24   Section        0  os_timer_task.o(i.os_soft_timer_check)
    i.os_start                               0x08001ca8   Section        0  os.o(i.os_start)
    i.os_strlen                              0x08001cb8   Section        0  rtstring.o(i.os_strlen)
    i.os_task_exit                           0x08001ccc   Section        0  os_task.o(i.os_task_exit)
    i.os_task_idle_entry                     0x08001d10   Section        0  os_idle.o(i.os_task_idle_entry)
    os_task_idle_entry                       0x08001d11   Thumb Code     8  os_idle.o(i.os_task_idle_entry)
    i.os_task_idle_excute                    0x08001d18   Section        0  os_idle.o(i.os_task_idle_excute)
    i.os_task_init                           0x08001dac   Section        0  os_task.o(i.os_task_init)
    i.os_task_resume                         0x08001e14   Section        0  os_task.o(i.os_task_resume)
    i.os_task_self                           0x08001e74   Section        0  os_task.o(i.os_task_self)
    i.os_task_sleep                          0x08001e80   Section        0  os_task.o(i.os_task_sleep)
    i.os_task_startup                        0x08001ee8   Section        0  os_task.o(i.os_task_startup)
    i.os_task_suspend                        0x08001f70   Section        0  os_task.o(i.os_task_suspend)
    i.os_task_timeout                        0x08001fd0   Section        0  os_task.o(i.os_task_timeout)
    i.os_task_timer_entry                    0x08002048   Section        0  os_timer_task.o(i.os_task_timer_entry)
    os_task_timer_entry                      0x08002049   Thumb Code    62  os_timer_task.o(i.os_task_timer_entry)
    i.os_task_yield                          0x0800208c   Section        0  os_task.o(i.os_task_yield)
    i.os_tick_get                            0x080020e4   Section        0  os_tick.o(i.os_tick_get)
    i.os_tick_increase                       0x080020f0   Section        0  os_tick.o(i.os_tick_increase)
    i.os_timer_check                         0x08002120   Section        0  os_timer.o(i.os_timer_check)
    i.os_timer_delete                        0x080021a4   Section        0  os_timer.o(i.os_timer_delete)
    i.os_timer_init                          0x080021e0   Section        0  os_timer.o(i.os_timer_init)
    i.os_timer_start                         0x08002224   Section        0  os_timer.o(i.os_timer_start)
    i.os_timer_stop                          0x080022f0   Section        0  os_timer.o(i.os_timer_stop)
    i.os_timer_tick_set                      0x08002340   Section        0  os_timer.o(i.os_timer_tick_set)
    i.os_version_get                         0x0800236c   Section        0  os_version.o(i.os_version_get)
    i.os_vsnprintf                           0x08002378   Section        0  rtstdio.o(i.os_vsnprintf)
    i.print_number                           0x080026a0   Section        0  rtstdio.o(i.print_number)
    print_number                             0x080026a1   Thumb Code   388  rtstdio.o(i.print_number)
    i.printk                                 0x0800282c   Section        0  rtstdio.o(i.printk)
    i.skip_atoi                              0x08002864   Section        0  rtstdio.o(i.skip_atoi)
    skip_atoi                                0x08002865   Thumb Code    38  rtstdio.o(i.skip_atoi)
    i.time_out1                              0x0800288c   Section        0  timer_test.o(i.time_out1)
    time_out1                                0x0800288d   Thumb Code    14  timer_test.o(i.time_out1)
    i.time_out2                              0x080028a0   Section        0  timer_test.o(i.time_out2)
    time_out2                                0x080028a1   Thumb Code    14  timer_test.o(i.time_out2)
    i.time_out3                              0x080028b4   Section        0  timer_test.o(i.time_out3)
    time_out3                                0x080028b5   Thumb Code    24  timer_test.o(i.time_out3)
    i.time_out4                              0x080028e8   Section        0  timer_test.o(i.time_out4)
    time_out4                                0x080028e9   Thumb Code    26  timer_test.o(i.time_out4)
    i.timer_test                             0x08002920   Section        0  timer_test.o(i.timer_test)
    i.usart2_init                            0x080029c0   Section        0  usart2.o(i.usart2_init)
    i.usart2_output                          0x08002a08   Section        0  usart2.o(i.usart2_output)
    .constdata                               0x08002a50   Section       63  os_heap.o(.constdata)
    __FUNCTION__                             0x08002a50   Data          11  os_heap.o(.constdata)
    __FUNCTION__                             0x08002a5b   Data          13  os_heap.o(.constdata)
    __FUNCTION__                             0x08002a68   Data          10  os_heap.o(.constdata)
    __FUNCTION__                             0x08002a72   Data          11  os_heap.o(.constdata)
    __FUNCTION__                             0x08002a7d   Data          10  os_heap.o(.constdata)
    __FUNCTION__                             0x08002a87   Data           8  os_heap.o(.constdata)
    .constdata                               0x08002a8f   Section       20  os_idle.o(.constdata)
    __FUNCTION__                             0x08002a8f   Data          20  os_idle.o(.constdata)
    .constdata                               0x08002aa3   Section       54  os_sched.o(.constdata)
    __FUNCTION__                             0x08002aa3   Data          22  os_sched.o(.constdata)
    __FUNCTION__                             0x08002ab9   Data          16  os_sched.o(.constdata)
    __FUNCTION__                             0x08002ac9   Data          16  os_sched.o(.constdata)
    .constdata                               0x08002ad9   Section       51  os_sem.o(.constdata)
    __FUNCTION__                             0x08002ad9   Data          12  os_sem.o(.constdata)
    __FUNCTION__                             0x08002ae5   Data          14  os_sem.o(.constdata)
    __FUNCTION__                             0x08002af3   Data          12  os_sem.o(.constdata)
    __FUNCTION__                             0x08002aff   Data          13  os_sem.o(.constdata)
    .constdata                               0x08002b0c   Section      140  os_task.o(.constdata)
    __FUNCTION__                             0x08002b0c   Data          14  os_task.o(.constdata)
    __FUNCTION__                             0x08002b1a   Data          13  os_task.o(.constdata)
    __FUNCTION__                             0x08002b27   Data          16  os_task.o(.constdata)
    __FUNCTION__                             0x08002b37   Data          15  os_task.o(.constdata)
    __FUNCTION__                             0x08002b46   Data          14  os_task.o(.constdata)
    __FUNCTION__                             0x08002b54   Data          21  os_task.o(.constdata)
    __FUNCTION__                             0x08002b69   Data          16  os_task.o(.constdata)
    __FUNCTION__                             0x08002b79   Data          15  os_task.o(.constdata)
    __FUNCTION__                             0x08002b88   Data          16  os_task.o(.constdata)
    .constdata                               0x08002b98   Section       95  os_timer.o(.constdata)
    __FUNCTION__                             0x08002b98   Data          14  os_timer.o(.constdata)
    __FUNCTION__                             0x08002ba6   Data          15  os_timer.o(.constdata)
    __FUNCTION__                             0x08002bb5   Data          14  os_timer.o(.constdata)
    __FUNCTION__                             0x08002bc3   Data          18  os_timer.o(.constdata)
    __FUNCTION__                             0x08002bd5   Data          18  os_timer.o(.constdata)
    __FUNCTION__                             0x08002be7   Data          16  os_timer.o(.constdata)
    .constdata                               0x08002bf7   Section       34  rtstdio.o(.constdata)
    small_digits                             0x08002bf7   Data          17  rtstdio.o(.constdata)
    large_digits                             0x08002c08   Data          17  rtstdio.o(.constdata)
    .data                                    0x20000000   Section       20  system_stm32f10x.o(.data)
    .data                                    0x20000014   Section       20  stm32f10x_rcc.o(.data)
    APBAHBPrescTable                         0x20000014   Data          16  stm32f10x_rcc.o(.data)
    ADCPrescTable                            0x20000024   Data           4  stm32f10x_rcc.o(.data)
    .data                                    0x20000028   Section       16  cpuport.o(.data)
    os_arch_exception_hook                   0x20000034   Data           4  cpuport.o(.data)
    .data                                    0x20000038   Section        4  os_console.o(.data)
    .data                                    0x2000003c   Section       24  os_heap.o(.data)
    heap_ptr                                 0x2000003c   Data           4  os_heap.o(.data)
    heap_end                                 0x20000040   Data           4  os_heap.o(.data)
    lfree                                    0x20000044   Data           4  os_heap.o(.data)
    mem_size_aligned                         0x20000048   Data           4  os_heap.o(.data)
    used_mem                                 0x2000004c   Data           4  os_heap.o(.data)
    max_mem                                  0x20000050   Data           4  os_heap.o(.data)
    .data                                    0x20000054   Section        1  os_irq.o(.data)
    .data                                    0x20000058   Section       20  os_sched.o(.data)
    os_sched_lock_nest                       0x20000058   Data           2  os_sched.o(.data)
    .data                                    0x2000006c   Section        4  os_tick.o(.data)
    os_tick                                  0x2000006c   Data           4  os_tick.o(.data)
    .data                                    0x20000070   Section        8  os_timer.o(.data)
    os_timer_list                            0x20000070   Data           8  os_timer.o(.data)
    .data                                    0x20000078   Section        8  os_timer_task.o(.data)
    .data                                    0x20000080   Section        4  os_version.o(.data)
    .bss                                     0x20000084   Section       16  os_heap.o(.bss)
    heap_sem                                 0x20000084   Data          16  os_heap.o(.bss)
    .bss                                     0x20000098   Section      232  os_idle.o(.bss)
    idle                                     0x20000098   Data         104  os_idle.o(.bss)
    os_task_stack                            0x20000100   Data         128  os_idle.o(.bss)
    .bss                                     0x20000180   Section     2080  os_sched.o(.bss)
    .bss                                     0x200009a0   Section      616  os_timer_task.o(.bss)
    timer_task_stack                         0x20000a08   Data         512  os_timer_task.o(.bss)
    .bss                                     0x20000c08   Section      128  rtstdio.o(.bss)
    os_log_buf                               0x20000c08   Data         128  rtstdio.o(.bss)
    .bss                                     0x20000c88   Section     2152  application.o(.bss)
    init                                     0x20000c88   Data         104  application.o(.bss)
    init_task_stack                          0x20000cf0   Data        2048  application.o(.bss)
    .bss                                     0x200014f0   Section      128  timer_test.o(.bss)
    .bss                                     0x20001570   Section       96  libspace.o(.bss)
    HEAP                                     0x200015d0   Section      512  startup_stm32f10x_cl.o(HEAP)
    Heap_Mem                                 0x200015d0   Data         512  startup_stm32f10x_cl.o(HEAP)
    STACK                                    0x200017d0   Section     1024  startup_stm32f10x_cl.o(STACK)
    Stack_Mem                                0x200017d0   Data        1024  startup_stm32f10x_cl.o(STACK)
    __initial_sp                             0x20001bd0   Data           0  startup_stm32f10x_cl.o(STACK)

    Global Symbols

    Symbol Name                              Value     Ov Type        Size  Object(Section)

    BuildAttributes$$THM_ISAv4$P$D$K$B$S$PE$A:L22UL41UL21$X:L11$S22US41US21$IEEE1$IW$USESV6$~STKCKD$USESV7$~SHL$OSPACE$ROPI$EBA8$UX$STANDARDLIB$REQ8$PRES8$EABIv2 0x00000000   Number         0  anon$$obj.o ABSOLUTE
    __ARM_use_no_argv                        0x00000000   Number         0  main.o ABSOLUTE
    __ARM_exceptions_init                     - Undefined Weak Reference
    __alloca_initialize                       - Undefined Weak Reference
    __arm_preinit_                            - Undefined Weak Reference
    __cpp_initialize__aeabi_                  - Undefined Weak Reference
    __cxa_finalize                            - Undefined Weak Reference
    __rt_locale                               - Undefined Weak Reference
    __sigvec_lookup                           - Undefined Weak Reference
    _atexit_init                              - Undefined Weak Reference
    _call_atexit_fns                          - Undefined Weak Reference
    _clock_init                               - Undefined Weak Reference
    _fp_trap_init                             - Undefined Weak Reference
    _fp_trap_shutdown                         - Undefined Weak Reference
    _get_lc_collate                           - Undefined Weak Reference
    _get_lc_ctype                             - Undefined Weak Reference
    _get_lc_monetary                          - Undefined Weak Reference
    _get_lc_numeric                           - Undefined Weak Reference
    _get_lc_time                              - Undefined Weak Reference
    _getenv_init                              - Undefined Weak Reference
    _handle_redirection                       - Undefined Weak Reference
    _init_alloc                               - Undefined Weak Reference
    _init_user_alloc                          - Undefined Weak Reference
    _initio                                   - Undefined Weak Reference
    _rand_init                                - Undefined Weak Reference
    _signal_finish                            - Undefined Weak Reference
    _signal_init                              - Undefined Weak Reference
    _terminate_alloc                          - Undefined Weak Reference
    _terminate_user_alloc                     - Undefined Weak Reference
    _terminateio                              - Undefined Weak Reference
    __Vectors_Size                           0x00000150   Number         0  startup_stm32f10x_cl.o ABSOLUTE
    __Vectors                                0x08000000   Data           4  startup_stm32f10x_cl.o(RESET)
    __Vectors_End                            0x08000150   Data           0  startup_stm32f10x_cl.o(RESET)
    __main                                   0x08000151   Thumb Code     8  __main.o(!!!main)
    __scatterload                            0x08000159   Thumb Code     0  __scatter.o(!!!scatter)
    __scatterload_rt2                        0x08000159   Thumb Code    44  __scatter.o(!!!scatter)
    __scatterload_rt2_thumb_only             0x08000159   Thumb Code     0  __scatter.o(!!!scatter)
    __scatterload_null                       0x08000167   Thumb Code     0  __scatter.o(!!!scatter)
    __scatterload_copy                       0x0800018d   Thumb Code    26  __scatter_copy.o(!!handler_copy)
    __scatterload_zeroinit                   0x080001a9   Thumb Code    28  __scatter_zi.o(!!handler_zi)
    __rt_lib_init                            0x080001c5   Thumb Code     0  libinit.o(.ARM.Collect$$libinit$$00000000)
    __rt_lib_init_alloca_1                   0x080001c7   Thumb Code     0  libinit2.o(.ARM.Collect$$libinit$$0000002E)
    __rt_lib_init_argv_1                     0x080001c7   Thumb Code     0  libinit2.o(.ARM.Collect$$libinit$$0000002C)
    __rt_lib_init_atexit_1                   0x080001c7   Thumb Code     0  libinit2.o(.ARM.Collect$$libinit$$0000001B)
    __rt_lib_init_clock_1                    0x080001c7   Thumb Code     0  libinit2.o(.ARM.Collect$$libinit$$00000021)
    __rt_lib_init_cpp_1                      0x080001c7   Thumb Code     0  libinit2.o(.ARM.Collect$$libinit$$00000032)
    __rt_lib_init_exceptions_1               0x080001c7   Thumb Code     0  libinit2.o(.ARM.Collect$$libinit$$00000030)
    __rt_lib_init_fp_1                       0x080001c7   Thumb Code     0  libinit2.o(.ARM.Collect$$libinit$$00000002)
    __rt_lib_init_fp_trap_1                  0x080001c7   Thumb Code     0  libinit2.o(.ARM.Collect$$libinit$$0000001F)
    __rt_lib_init_getenv_1                   0x080001c7   Thumb Code     0  libinit2.o(.ARM.Collect$$libinit$$00000023)
    __rt_lib_init_heap_1                     0x080001c7   Thumb Code     0  libinit2.o(.ARM.Collect$$libinit$$0000000A)
    __rt_lib_init_lc_collate_1               0x080001c7   Thumb Code     0  libinit2.o(.ARM.Collect$$libinit$$00000011)
    __rt_lib_init_lc_ctype_1                 0x080001c7   Thumb Code     0  libinit2.o(.ARM.Collect$$libinit$$00000013)
    __rt_lib_init_lc_monetary_1              0x080001c7   Thumb Code     0  libinit2.o(.ARM.Collect$$libinit$$00000015)
    __rt_lib_init_lc_numeric_1               0x080001c7   Thumb Code     0  libinit2.o(.ARM.Collect$$libinit$$00000017)
    __rt_lib_init_lc_time_1                  0x080001c7   Thumb Code     0  libinit2.o(.ARM.Collect$$libinit$$00000019)
    __rt_lib_init_preinit_1                  0x080001c7   Thumb Code     0  libinit2.o(.ARM.Collect$$libinit$$00000004)
    __rt_lib_init_rand_1                     0x080001c7   Thumb Code     0  libinit2.o(.ARM.Collect$$libinit$$0000000E)
    __rt_lib_init_return                     0x080001c7   Thumb Code     0  libinit2.o(.ARM.Collect$$libinit$$00000033)
    __rt_lib_init_signal_1                   0x080001c7   Thumb Code     0  libinit2.o(.ARM.Collect$$libinit$$0000001D)
    __rt_lib_init_stdio_1                    0x080001c7   Thumb Code     0  libinit2.o(.ARM.Collect$$libinit$$00000025)
    __rt_lib_init_user_alloc_1               0x080001c7   Thumb Code     0  libinit2.o(.ARM.Collect$$libinit$$0000000C)
    __rt_lib_shutdown                        0x080001c9   Thumb Code     0  libshutdown.o(.ARM.Collect$$libshutdown$$00000000)
    __rt_lib_shutdown_cpp_1                  0x080001cb   Thumb Code     0  libshutdown2.o(.ARM.Collect$$libshutdown$$00000002)
    __rt_lib_shutdown_fp_trap_1              0x080001cb   Thumb Code     0  libshutdown2.o(.ARM.Collect$$libshutdown$$00000007)
    __rt_lib_shutdown_heap_1                 0x080001cb   Thumb Code     0  libshutdown2.o(.ARM.Collect$$libshutdown$$0000000F)
    __rt_lib_shutdown_return                 0x080001cb   Thumb Code     0  libshutdown2.o(.ARM.Collect$$libshutdown$$00000010)
    __rt_lib_shutdown_signal_1               0x080001cb   Thumb Code     0  libshutdown2.o(.ARM.Collect$$libshutdown$$0000000A)
    __rt_lib_shutdown_stdio_1                0x080001cb   Thumb Code     0  libshutdown2.o(.ARM.Collect$$libshutdown$$00000004)
    __rt_lib_shutdown_user_alloc_1           0x080001cb   Thumb Code     0  libshutdown2.o(.ARM.Collect$$libshutdown$$0000000C)
    __rt_entry                               0x080001cd   Thumb Code     0  __rtentry.o(.ARM.Collect$$rtentry$$00000000)
    __rt_entry_presh_1                       0x080001cd   Thumb Code     0  __rtentry2.o(.ARM.Collect$$rtentry$$00000002)
    __rt_entry_sh                            0x080001cd   Thumb Code     0  __rtentry4.o(.ARM.Collect$$rtentry$$00000004)
    __rt_entry_li                            0x080001d3   Thumb Code     0  __rtentry2.o(.ARM.Collect$$rtentry$$0000000A)
    __rt_entry_postsh_1                      0x080001d3   Thumb Code     0  __rtentry2.o(.ARM.Collect$$rtentry$$00000009)
    __rt_entry_main                          0x080001d7   Thumb Code     0  __rtentry2.o(.ARM.Collect$$rtentry$$0000000D)
    __rt_entry_postli_1                      0x080001d7   Thumb Code     0  __rtentry2.o(.ARM.Collect$$rtentry$$0000000C)
    __rt_exit                                0x080001df   Thumb Code     0  rtexit.o(.ARM.Collect$$rtexit$$00000000)
    __rt_exit_ls                             0x080001e1   Thumb Code     0  rtexit2.o(.ARM.Collect$$rtexit$$00000003)
    __rt_exit_prels_1                        0x080001e1   Thumb Code     0  rtexit2.o(.ARM.Collect$$rtexit$$00000002)
    __rt_exit_exit                           0x080001e5   Thumb Code     0  rtexit2.o(.ARM.Collect$$rtexit$$00000004)
    __ffs                                    0x080001ed   Thumb Code    16  cpuport.o(.emb_text)
    Reset_Handler                            0x080001fd   Thumb Code     8  startup_stm32f10x_cl.o(.text)
    NMI_Handler                              0x08000205   Thumb Code     2  startup_stm32f10x_cl.o(.text)
    MemManage_Handler                        0x08000209   Thumb Code     2  startup_stm32f10x_cl.o(.text)
    BusFault_Handler                         0x0800020b   Thumb Code     2  startup_stm32f10x_cl.o(.text)
    UsageFault_Handler                       0x0800020d   Thumb Code     2  startup_stm32f10x_cl.o(.text)
    SVC_Handler                              0x0800020f   Thumb Code     2  startup_stm32f10x_cl.o(.text)
    DebugMon_Handler                         0x08000211   Thumb Code     2  startup_stm32f10x_cl.o(.text)
    ADC1_2_IRQHandler                        0x08000217   Thumb Code     0  startup_stm32f10x_cl.o(.text)
    CAN1_RX0_IRQHandler                      0x08000217   Thumb Code     0  startup_stm32f10x_cl.o(.text)
    CAN1_RX1_IRQHandler                      0x08000217   Thumb Code     0  startup_stm32f10x_cl.o(.text)
    CAN1_SCE_IRQHandler                      0x08000217   Thumb Code     0  startup_stm32f10x_cl.o(.text)
    CAN1_TX_IRQHandler                       0x08000217   Thumb Code     0  startup_stm32f10x_cl.o(.text)
    CAN2_RX0_IRQHandler                      0x08000217   Thumb Code     0  startup_stm32f10x_cl.o(.text)
    CAN2_RX1_IRQHandler                      0x08000217   Thumb Code     0  startup_stm32f10x_cl.o(.text)
    CAN2_SCE_IRQHandler                      0x08000217   Thumb Code     0  startup_stm32f10x_cl.o(.text)
    CAN2_TX_IRQHandler                       0x08000217   Thumb Code     0  startup_stm32f10x_cl.o(.text)
    DMA1_Channel1_IRQHandler                 0x08000217   Thumb Code     0  startup_stm32f10x_cl.o(.text)
    DMA1_Channel2_IRQHandler                 0x08000217   Thumb Code     0  startup_stm32f10x_cl.o(.text)
    DMA1_Channel3_IRQHandler                 0x08000217   Thumb Code     0  startup_stm32f10x_cl.o(.text)
    DMA1_Channel4_IRQHandler                 0x08000217   Thumb Code     0  startup_stm32f10x_cl.o(.text)
    DMA1_Channel5_IRQHandler                 0x08000217   Thumb Code     0  startup_stm32f10x_cl.o(.text)
    DMA1_Channel6_IRQHandler                 0x08000217   Thumb Code     0  startup_stm32f10x_cl.o(.text)
    DMA1_Channel7_IRQHandler                 0x08000217   Thumb Code     0  startup_stm32f10x_cl.o(.text)
    DMA2_Channel1_IRQHandler                 0x08000217   Thumb Code     0  startup_stm32f10x_cl.o(.text)
    DMA2_Channel2_IRQHandler                 0x08000217   Thumb Code     0  startup_stm32f10x_cl.o(.text)
    DMA2_Channel3_IRQHandler                 0x08000217   Thumb Code     0  startup_stm32f10x_cl.o(.text)
    DMA2_Channel4_IRQHandler                 0x08000217   Thumb Code     0  startup_stm32f10x_cl.o(.text)
    DMA2_Channel5_IRQHandler                 0x08000217   Thumb Code     0  startup_stm32f10x_cl.o(.text)
    ETH_IRQHandler                           0x08000217   Thumb Code     0  startup_stm32f10x_cl.o(.text)
    ETH_WKUP_IRQHandler                      0x08000217   Thumb Code     0  startup_stm32f10x_cl.o(.text)
    EXTI0_IRQHandler                         0x08000217   Thumb Code     0  startup_stm32f10x_cl.o(.text)
    EXTI15_10_IRQHandler                     0x08000217   Thumb Code     0  startup_stm32f10x_cl.o(.text)
    EXTI1_IRQHandler                         0x08000217   Thumb Code     0  startup_stm32f10x_cl.o(.text)
    EXTI2_IRQHandler                         0x08000217   Thumb Code     0  startup_stm32f10x_cl.o(.text)
    EXTI3_IRQHandler                         0x08000217   Thumb Code     0  startup_stm32f10x_cl.o(.text)
    EXTI4_IRQHandler                         0x08000217   Thumb Code     0  startup_stm32f10x_cl.o(.text)
    EXTI9_5_IRQHandler                       0x08000217   Thumb Code     0  startup_stm32f10x_cl.o(.text)
    FLASH_IRQHandler                         0x08000217   Thumb Code     0  startup_stm32f10x_cl.o(.text)
    I2C1_ER_IRQHandler                       0x08000217   Thumb Code     0  startup_stm32f10x_cl.o(.text)
    I2C1_EV_IRQHandler                       0x08000217   Thumb Code     0  startup_stm32f10x_cl.o(.text)
    I2C2_ER_IRQHandler                       0x08000217   Thumb Code     0  startup_stm32f10x_cl.o(.text)
    I2C2_EV_IRQHandler                       0x08000217   Thumb Code     0  startup_stm32f10x_cl.o(.text)
    OTG_FS_IRQHandler                        0x08000217   Thumb Code     0  startup_stm32f10x_cl.o(.text)
    OTG_FS_WKUP_IRQHandler                   0x08000217   Thumb Code     0  startup_stm32f10x_cl.o(.text)
    PVD_IRQHandler                           0x08000217   Thumb Code     0  startup_stm32f10x_cl.o(.text)
    RCC_IRQHandler                           0x08000217   Thumb Code     0  startup_stm32f10x_cl.o(.text)
    RTCAlarm_IRQHandler                      0x08000217   Thumb Code     0  startup_stm32f10x_cl.o(.text)
    RTC_IRQHandler                           0x08000217   Thumb Code     0  startup_stm32f10x_cl.o(.text)
    SPI1_IRQHandler                          0x08000217   Thumb Code     0  startup_stm32f10x_cl.o(.text)
    SPI2_IRQHandler                          0x08000217   Thumb Code     0  startup_stm32f10x_cl.o(.text)
    SPI3_IRQHandler                          0x08000217   Thumb Code     0  startup_stm32f10x_cl.o(.text)
    TAMPER_IRQHandler                        0x08000217   Thumb Code     0  startup_stm32f10x_cl.o(.text)
    TIM1_BRK_IRQHandler                      0x08000217   Thumb Code     0  startup_stm32f10x_cl.o(.text)
    TIM1_CC_IRQHandler                       0x08000217   Thumb Code     0  startup_stm32f10x_cl.o(.text)
    TIM1_TRG_COM_IRQHandler                  0x08000217   Thumb Code     0  startup_stm32f10x_cl.o(.text)
    TIM1_UP_IRQHandler                       0x08000217   Thumb Code     0  startup_stm32f10x_cl.o(.text)
    TIM2_IRQHandler                          0x08000217   Thumb Code     0  startup_stm32f10x_cl.o(.text)
    TIM3_IRQHandler                          0x08000217   Thumb Code     0  startup_stm32f10x_cl.o(.text)
    TIM4_IRQHandler                          0x08000217   Thumb Code     0  startup_stm32f10x_cl.o(.text)
    TIM5_IRQHandler                          0x08000217   Thumb Code     0  startup_stm32f10x_cl.o(.text)
    TIM6_IRQHandler                          0x08000217   Thumb Code     0  startup_stm32f10x_cl.o(.text)
    TIM7_IRQHandler                          0x08000217   Thumb Code     0  startup_stm32f10x_cl.o(.text)
    UART4_IRQHandler                         0x08000217   Thumb Code     0  startup_stm32f10x_cl.o(.text)
    UART5_IRQHandler                         0x08000217   Thumb Code     0  startup_stm32f10x_cl.o(.text)
    USART1_IRQHandler                        0x08000217   Thumb Code     0  startup_stm32f10x_cl.o(.text)
    USART2_IRQHandler                        0x08000217   Thumb Code     0  startup_stm32f10x_cl.o(.text)
    USART3_IRQHandler                        0x08000217   Thumb Code     0  startup_stm32f10x_cl.o(.text)
    WWDG_IRQHandler                          0x08000217   Thumb Code     0  startup_stm32f10x_cl.o(.text)
    __user_initial_stackheap                 0x08000219   Thumb Code     0  startup_stm32f10x_cl.o(.text)
    os_enter_critical                        0x0800023d   Thumb Code     8  context_rvds.o(.text)
    os_exit_critical                         0x08000245   Thumb Code     6  context_rvds.o(.text)
    os_arch_context_switch                   0x0800024b   Thumb Code    32  context_rvds.o(.text)
    os_arch_context_switch_interrupt         0x0800024b   Thumb Code     0  context_rvds.o(.text)
    PendSV_Handler                           0x0800026b   Thumb Code    60  context_rvds.o(.text)
    os_arch_context_switch_to                0x080002a7   Thumb Code    56  context_rvds.o(.text)
    HardFault_Handler                        0x080002df   Thumb Code    48  context_rvds.o(.text)
    __use_two_region_memory                  0x08000329   Thumb Code     2  heapauxi.o(.text)
    __rt_heap_escrow$2region                 0x0800032b   Thumb Code     2  heapauxi.o(.text)
    __rt_heap_expand$2region                 0x0800032d   Thumb Code     2  heapauxi.o(.text)
    __user_setup_stackheap                   0x0800032f   Thumb Code    74  sys_stackheap_outer.o(.text)
    exit                                     0x08000379   Thumb Code    18  exit.o(.text)
    __user_libspace                          0x0800038d   Thumb Code     8  libspace.o(.text)
    __user_perproc_libspace                  0x0800038d   Thumb Code     0  libspace.o(.text)
    __user_perthread_libspace                0x0800038d   Thumb Code     0  libspace.o(.text)
    _sys_exit                                0x08000395   Thumb Code     8  sys_exit.o(.text)
    __I$use$semihosting                      0x080003a1   Thumb Code     0  use_no_semi.o(.text)
    __use_no_semihosting_swi                 0x080003a1   Thumb Code     2  use_no_semi.o(.text)
    __semihosting_library_function           0x080003a3   Thumb Code     0  indicate_semi.o(.text)
    GPIO_Init                                0x080003a5   Thumb Code   378  stm32f10x_gpio.o(i.GPIO_Init)
    GPIO_PinRemapConfig                      0x0800056d   Thumb Code   454  stm32f10x_gpio.o(i.GPIO_PinRemapConfig)
    GPIO_TogglePin                           0x080007b5   Thumb Code     8  io.o(i.GPIO_TogglePin)
    RCC_APB1PeriphClockCmd                   0x080007bd   Thumb Code    70  stm32f10x_rcc.o(i.RCC_APB1PeriphClockCmd)
    RCC_APB2PeriphClockCmd                   0x08000839   Thumb Code    70  stm32f10x_rcc.o(i.RCC_APB2PeriphClockCmd)
    RCC_GetClocksFreq                        0x080008b5   Thumb Code   374  stm32f10x_rcc.o(i.RCC_GetClocksFreq)
    SysTick_Handler                          0x08000b65   Thumb Code    16  board.o(i.SysTick_Handler)
    SystemInit                               0x08000b75   Thumb Code    92  system_stm32f10x.o(i.SystemInit)
    USART_Cmd                                0x08000be1   Thumb Code    90  stm32f10x_usart.o(i.USART_Cmd)
    USART_GPIO_Configuration                 0x08000c81   Thumb Code    58  usart2.o(i.USART_GPIO_Configuration)
    USART_GetFlagStatus                      0x08000cc1   Thumb Code   158  stm32f10x_usart.o(i.USART_GetFlagStatus)
    USART_Init                               0x08000da5   Thumb Code   450  stm32f10x_usart.o(i.USART_Init)
    USART_RCC_Configuration                  0x08000fb1   Thumb Code    28  usart2.o(i.USART_RCC_Configuration)
    USART_SendData                           0x08000fcd   Thumb Code    74  stm32f10x_usart.o(i.USART_SendData)
    _os_timer_remove                         0x0800120f   Thumb Code    12  os_timer.o(i._os_timer_remove)
    application_init                         0x0800121d   Thumb Code    66  application.o(i.application_init)
    assert_failed                            0x08001289   Thumb Code    30  board.o(i.assert_failed)
    board_init                               0x080012f9   Thumb Code    96  board.o(i.board_init)
    console_output_null                      0x0800136d   Thumb Code     2  os_console.o(i.console_output_null)
    init_task_cleanup                        0x08001371   Thumb Code    12  application.o(i.init_task_cleanup)
    init_task_entry                          0x08001391   Thumb Code    20  application.o(i.init_task_entry)
    io_init                                  0x080013a9   Thumb Code    38  io.o(i.io_init)
    main                                     0x080013d5   Thumb Code    24  main.o(i.main)
    os_arch_hard_fault_exception             0x080013ed   Thumb Code   190  cpuport.o(i.os_arch_hard_fault_exception)
    os_arch_task_stack_init                  0x080015e9   Thumb Code    70  cpuport.o(i.os_arch_task_stack_init)
    os_assert                                0x08001635   Thumb Code    36  os_misc.o(i.os_assert)
    os_heap_init                             0x08001691   Thumb Code   204  os_heap.o(i.os_heap_init)
    os_init                                  0x080017e1   Thumb Code    16  os.o(i.os_init)
    os_init_idle_task                        0x080017f9   Thumb Code    38  os_idle.o(i.os_init_idle_task)
    os_init_timer_task                       0x08001835   Thumb Code    38  os_timer_task.o(i.os_init_timer_task)
    os_isr_enter                             0x08001871   Thumb Code    30  os_irq.o(i.os_isr_enter)
    os_isr_leave                             0x08001895   Thumb Code    30  os_irq.o(i.os_isr_leave)
    os_isr_nest_get                          0x080018b9   Thumb Code     6  os_irq.o(i.os_isr_nest_get)
    os_list_init                             0x080018c5   Thumb Code     6  os_list.o(i.os_list_init)
    os_list_insert_after                     0x080018cb   Thumb Code    14  os_list.o(i.os_list_insert_after)
    os_list_insert_before                    0x080018d9   Thumb Code    14  os_list.o(i.os_list_insert_before)
    os_list_isempty                          0x080018e7   Thumb Code    16  os_list.o(i.os_list_isempty)
    os_list_remove                           0x080018f7   Thumb Code    18  os_list.o(i.os_list_remove)
    os_memset                                0x08001909   Thumb Code    72  rtstring.o(i.os_memset)
    os_sched                                 0x08001951   Thumb Code   128  os_sched.o(i.os_sched)
    os_sched_init                            0x080019e9   Thumb Code    54  os_sched.o(i.os_sched_init)
    os_sched_insert                          0x08001a35   Thumb Code   100  os_sched.o(i.os_sched_insert)
    os_sched_lock                            0x08001ab9   Thumb Code    28  os_sched.o(i.os_sched_lock)
    os_sched_remove                          0x08001ad9   Thumb Code   112  os_sched.o(i.os_sched_remove)
    os_sched_start                           0x08001b69   Thumb Code    54  os_sched.o(i.os_sched_start)
    os_sched_unlock                          0x08001bb1   Thumb Code    54  os_sched.o(i.os_sched_unlock)
    os_sem_init                              0x08001bed   Thumb Code    40  os_sem.o(i.os_sem_init)
    os_soft_timer_check                      0x08001c25   Thumb Code   126  os_timer_task.o(i.os_soft_timer_check)
    os_start                                 0x08001ca9   Thumb Code    16  os.o(i.os_start)
    os_strlen                                0x08001cb9   Thumb Code    18  rtstring.o(i.os_strlen)
    os_task_exit                             0x08001ccd   Thumb Code    58  os_task.o(i.os_task_exit)
    os_task_idle_excute                      0x08001d19   Thumb Code   100  os_idle.o(i.os_task_idle_excute)
    os_task_init                             0x08001dad   Thumb Code    64  os_task.o(i.os_task_init)
    os_task_resume                           0x08001e15   Thumb Code    76  os_task.o(i.os_task_resume)
    os_task_self                             0x08001e75   Thumb Code     6  os_task.o(i.os_task_self)
    os_task_sleep                            0x08001e81   Thumb Code    80  os_task.o(i.os_task_sleep)
    os_task_startup                          0x08001ee9   Thumb Code    86  os_task.o(i.os_task_startup)
    os_task_suspend                          0x08001f71   Thumb Code    74  os_task.o(i.os_task_suspend)
    os_task_timeout                          0x08001fd1   Thumb Code    66  os_task.o(i.os_task_timeout)
    os_task_yield                            0x0800208d   Thumb Code    78  os_task.o(i.os_task_yield)
    os_tick_get                              0x080020e5   Thumb Code     6  os_tick.o(i.os_tick_get)
    os_tick_increase                         0x080020f1   Thumb Code    42  os_tick.o(i.os_tick_increase)
    os_timer_check                           0x08002121   Thumb Code   126  os_timer.o(i.os_timer_check)
    os_timer_delete                          0x080021a5   Thumb Code    38  os_timer.o(i.os_timer_delete)
    os_timer_init                            0x080021e1   Thumb Code    48  os_timer.o(i.os_timer_init)
    os_timer_start                           0x08002225   Thumb Code   172  os_timer.o(i.os_timer_start)
    os_timer_stop                            0x080022f1   Thumb Code    58  os_timer.o(i.os_timer_stop)
    os_timer_tick_set                        0x08002341   Thumb Code    24  os_timer.o(i.os_timer_tick_set)
    os_version_get                           0x0800236d   Thumb Code     6  os_version.o(i.os_version_get)
    os_vsnprintf                             0x08002379   Thumb Code   800  rtstdio.o(i.os_vsnprintf)
    printk                                   0x0800282d   Thumb Code    46  rtstdio.o(i.printk)
    timer_test                               0x08002921   Thumb Code   112  timer_test.o(i.timer_test)
    usart2_init                              0x080029c1   Thumb Code    66  usart2.o(i.usart2_init)
    usart2_output                            0x08002a09   Thumb Code    68  usart2.o(i.usart2_output)
    Region$$Table$$Base                      0x08002c1c   Number         0  anon$$obj.o(Region$$Table)
    Region$$Table$$Limit                     0x08002c3c   Number         0  anon$$obj.o(Region$$Table)
    SystemCoreClock                          0x20000000   Data           4  system_stm32f10x.o(.data)
    AHBPrescTable                            0x20000004   Data          16  system_stm32f10x.o(.data)
    interrupt_switch_task_from               0x20000028   Data           4  cpuport.o(.data)
    interrupt_switch_task_to                 0x2000002c   Data           4  cpuport.o(.data)
    interrupt_switch_flag                    0x20000030   Data           4  cpuport.o(.data)
    console_output                           0x20000038   Data           4  os_console.o(.data)
    os_isr_nest                              0x20000054   Data           1  os_irq.o(.data)
    os_current_task                          0x2000005c   Data           4  os_sched.o(.data)
    os_ready_task_group                      0x20000060   Data           1  os_sched.o(.data)
    os_defunct_task_list                     0x20000064   Data           8  os_sched.o(.data)
    os_soft_timer_list                       0x20000078   Data           8  os_timer_task.o(.data)
    os_version                               0x20000080   Data           4  os_version.o(.data)
    os_ready_task_priority_list              0x20000180   Data        2048  os_sched.o(.bss)
    os_ready_task_bitmap                     0x20000980   Data          32  os_sched.o(.bss)
    timer_task                               0x200009a0   Data         104  os_timer_task.o(.bss)
    test_timer                               0x200014f0   Data          32  timer_test.o(.bss)
    test_timer2                              0x20001510   Data          32  timer_test.o(.bss)
    test_timer3                              0x20001530   Data          32  timer_test.o(.bss)
    test_timer4                              0x20001550   Data          32  timer_test.o(.bss)
    __libspace_start                         0x20001570   Data          96  libspace.o(.bss)
    __temporary_stack_top$libspace           0x200015d0   Data           0  libspace.o(.bss)
    Image$$RW_IRAM1$$ZI$$Limit               0x20001bd0   Number         0  anon$$obj.o ABSOLUTE



==============================================================================

Memory Map of the image

  Image Entry point : 0x08000151

  Load Region LR_IROM1 (Base: 0x08000000, Size: 0x00002cc0, Max: 0x00040000, ABSOLUTE)

    Execution Region ER_IROM1 (Base: 0x08000000, Size: 0x00002c3c, Max: 0x00040000, ABSOLUTE)

    Base Addr    Size         Type   Attr      Idx    E Section Name        Object

    0x08000000   0x00000150   Data   RO          287    RESET               startup_stm32f10x_cl.o
    0x08000150   0x00000008   Code   RO         2174  * !!!main             c_w.l(__main.o)
    0x08000158   0x00000034   Code   RO         2331    !!!scatter          c_w.l(__scatter.o)
    0x0800018c   0x0000001a   Code   RO         2333    !!handler_copy      c_w.l(__scatter_copy.o)
    0x080001a6   0x00000002   PAD
    0x080001a8   0x0000001c   Code   RO         2335    !!handler_zi        c_w.l(__scatter_zi.o)
    0x080001c4   0x00000002   Code   RO         2201    .ARM.Collect$$libinit$$00000000  c_w.l(libinit.o)
    0x080001c6   0x00000000   Code   RO         2208    .ARM.Collect$$libinit$$00000002  c_w.l(libinit2.o)
    0x080001c6   0x00000000   Code   RO         2210    .ARM.Collect$$libinit$$00000004  c_w.l(libinit2.o)
    0x080001c6   0x00000000   Code   RO         2213    .ARM.Collect$$libinit$$0000000A  c_w.l(libinit2.o)
    0x080001c6   0x00000000   Code   RO         2215    .ARM.Collect$$libinit$$0000000C  c_w.l(libinit2.o)
    0x080001c6   0x00000000   Code   RO         2217    .ARM.Collect$$libinit$$0000000E  c_w.l(libinit2.o)
    0x080001c6   0x00000000   Code   RO         2220    .ARM.Collect$$libinit$$00000011  c_w.l(libinit2.o)
    0x080001c6   0x00000000   Code   RO         2222    .ARM.Collect$$libinit$$00000013  c_w.l(libinit2.o)
    0x080001c6   0x00000000   Code   RO         2224    .ARM.Collect$$libinit$$00000015  c_w.l(libinit2.o)
    0x080001c6   0x00000000   Code   RO         2226    .ARM.Collect$$libinit$$00000017  c_w.l(libinit2.o)
    0x080001c6   0x00000000   Code   RO         2228    .ARM.Collect$$libinit$$00000019  c_w.l(libinit2.o)
    0x080001c6   0x00000000   Code   RO         2230    .ARM.Collect$$libinit$$0000001B  c_w.l(libinit2.o)
    0x080001c6   0x00000000   Code   RO         2232    .ARM.Collect$$libinit$$0000001D  c_w.l(libinit2.o)
    0x080001c6   0x00000000   Code   RO         2234    .ARM.Collect$$libinit$$0000001F  c_w.l(libinit2.o)
    0x080001c6   0x00000000   Code   RO         2236    .ARM.Collect$$libinit$$00000021  c_w.l(libinit2.o)
    0x080001c6   0x00000000   Code   RO         2238    .ARM.Collect$$libinit$$00000023  c_w.l(libinit2.o)
    0x080001c6   0x00000000   Code   RO         2240    .ARM.Collect$$libinit$$00000025  c_w.l(libinit2.o)
    0x080001c6   0x00000000   Code   RO         2244    .ARM.Collect$$libinit$$0000002C  c_w.l(libinit2.o)
    0x080001c6   0x00000000   Code   RO         2246    .ARM.Collect$$libinit$$0000002E  c_w.l(libinit2.o)
    0x080001c6   0x00000000   Code   RO         2248    .ARM.Collect$$libinit$$00000030  c_w.l(libinit2.o)
    0x080001c6   0x00000000   Code   RO         2250    .ARM.Collect$$libinit$$00000032  c_w.l(libinit2.o)
    0x080001c6   0x00000002   Code   RO         2251    .ARM.Collect$$libinit$$00000033  c_w.l(libinit2.o)
    0x080001c8   0x00000002   Code   RO         2271    .ARM.Collect$$libshutdown$$00000000  c_w.l(libshutdown.o)
    0x080001ca   0x00000000   Code   RO         2284    .ARM.Collect$$libshutdown$$00000002  c_w.l(libshutdown2.o)
    0x080001ca   0x00000000   Code   RO         2286    .ARM.Collect$$libshutdown$$00000004  c_w.l(libshutdown2.o)
    0x080001ca   0x00000000   Code   RO         2289    .ARM.Collect$$libshutdown$$00000007  c_w.l(libshutdown2.o)
    0x080001ca   0x00000000   Code   RO         2292    .ARM.Collect$$libshutdown$$0000000A  c_w.l(libshutdown2.o)
    0x080001ca   0x00000000   Code   RO         2294    .ARM.Collect$$libshutdown$$0000000C  c_w.l(libshutdown2.o)
    0x080001ca   0x00000000   Code   RO         2297    .ARM.Collect$$libshutdown$$0000000F  c_w.l(libshutdown2.o)
    0x080001ca   0x00000002   Code   RO         2298    .ARM.Collect$$libshutdown$$00000010  c_w.l(libshutdown2.o)
    0x080001cc   0x00000000   Code   RO         2176    .ARM.Collect$$rtentry$$00000000  c_w.l(__rtentry.o)
    0x080001cc   0x00000000   Code   RO         2178    .ARM.Collect$$rtentry$$00000002  c_w.l(__rtentry2.o)
    0x080001cc   0x00000006   Code   RO         2190    .ARM.Collect$$rtentry$$00000004  c_w.l(__rtentry4.o)
    0x080001d2   0x00000000   Code   RO         2180    .ARM.Collect$$rtentry$$00000009  c_w.l(__rtentry2.o)
    0x080001d2   0x00000004   Code   RO         2181    .ARM.Collect$$rtentry$$0000000A  c_w.l(__rtentry2.o)
    0x080001d6   0x00000000   Code   RO         2183    .ARM.Collect$$rtentry$$0000000C  c_w.l(__rtentry2.o)
    0x080001d6   0x00000008   Code   RO         2184    .ARM.Collect$$rtentry$$0000000D  c_w.l(__rtentry2.o)
    0x080001de   0x00000002   Code   RO         2205    .ARM.Collect$$rtexit$$00000000  c_w.l(rtexit.o)
    0x080001e0   0x00000000   Code   RO         2253    .ARM.Collect$$rtexit$$00000002  c_w.l(rtexit2.o)
    0x080001e0   0x00000004   Code   RO         2254    .ARM.Collect$$rtexit$$00000003  c_w.l(rtexit2.o)
    0x080001e4   0x00000006   Code   RO         2255    .ARM.Collect$$rtexit$$00000004  c_w.l(rtexit2.o)
    0x080001ea   0x00000002   PAD
    0x080001ec   0x00000010   Code   RO         1194    .emb_text           cpuport.o
    0x080001fc   0x00000040   Code   RO          288    .text               startup_stm32f10x_cl.o
    0x0800023c   0x000000ec   Code   RO         1225    .text               context_rvds.o
    0x08000328   0x00000006   Code   RO         2172    .text               c_w.l(heapauxi.o)
    0x0800032e   0x0000004a   Code   RO         2192    .text               c_w.l(sys_stackheap_outer.o)
    0x08000378   0x00000012   Code   RO         2194    .text               c_w.l(exit.o)
    0x0800038a   0x00000002   PAD
    0x0800038c   0x00000008   Code   RO         2202    .text               c_w.l(libspace.o)
    0x08000394   0x0000000c   Code   RO         2263    .text               c_w.l(sys_exit.o)
    0x080003a0   0x00000002   Code   RO         2274    .text               c_w.l(use_no_semi.o)
    0x080003a2   0x00000000   Code   RO         2276    .text               c_w.l(indicate_semi.o)
    0x080003a2   0x00000002   PAD
    0x080003a4   0x000001c8   Code   RO          463    i.GPIO_Init         stm32f10x_gpio.o
    0x0800056c   0x00000248   Code   RO          465    i.GPIO_PinRemapConfig  stm32f10x_gpio.o
    0x080007b4   0x00000008   Code   RO          295    i.GPIO_TogglePin    io.o
    0x080007bc   0x0000007c   Code   RO          586    i.RCC_APB1PeriphClockCmd  stm32f10x_rcc.o
    0x08000838   0x0000007c   Code   RO          588    i.RCC_APB2PeriphClockCmd  stm32f10x_rcc.o
    0x080008b4   0x00000190   Code   RO          596    i.RCC_GetClocksFreq  stm32f10x_rcc.o
    0x08000a44   0x00000008   Code   RO          190    i.SetSysClock       system_stm32f10x.o
    0x08000a4c   0x00000118   Code   RO          191    i.SetSysClockTo72   system_stm32f10x.o
    0x08000b64   0x00000010   Code   RO            4    i.SysTick_Handler   board.o
    0x08000b74   0x0000006c   Code   RO          193    i.SystemInit        system_stm32f10x.o
    0x08000be0   0x000000a0   Code   RO         1009    i.USART_Cmd         stm32f10x_usart.o
    0x08000c80   0x00000040   Code   RO          241    i.USART_GPIO_Configuration  usart2.o
    0x08000cc0   0x000000e4   Code   RO         1012    i.USART_GetFlagStatus  stm32f10x_usart.o
    0x08000da4   0x0000020c   Code   RO         1016    i.USART_Init        stm32f10x_usart.o
    0x08000fb0   0x0000001c   Code   RO          242    i.USART_RCC_Configuration  usart2.o
    0x08000fcc   0x00000090   Code   RO         1026    i.USART_SendData    stm32f10x_usart.o
    0x0800105c   0x00000014   Code   RO         1369    i._has_defunct_task  os_idle.o
    0x08001070   0x000000bc   Code   RO         1654    i._os_sched_stack_check  os_sched.o
    0x0800112c   0x000000b0   Code   RO         1755    i._os_task_init     os_task.o
    0x080011dc   0x00000032   Code   RO         1860    i._os_timer_init    os_timer.o
    0x0800120e   0x0000000c   Code   RO         1861    i._os_timer_remove  os_timer.o
    0x0800121a   0x00000002   PAD
    0x0800121c   0x0000006c   Code   RO         2082    i.application_init  application.o
    0x08001288   0x00000070   Code   RO            5    i.assert_failed     board.o
    0x080012f8   0x00000074   Code   RO            6    i.board_init        board.o
    0x0800136c   0x00000002   Code   RO         1247    i.console_output_null  os_console.o
    0x0800136e   0x00000002   PAD
    0x08001370   0x00000020   Code   RO         2083    i.init_task_cleanup  application.o
    0x08001390   0x00000018   Code   RO         2084    i.init_task_entry   application.o
    0x080013a8   0x0000002c   Code   RO          296    i.io_init           io.o
    0x080013d4   0x00000018   Code   RO         2108    i.main              main.o
    0x080013ec   0x000001fc   Code   RO         1196    i.os_arch_hard_fault_exception  cpuport.o
    0x080015e8   0x0000004c   Code   RO         1197    i.os_arch_task_stack_init  cpuport.o
    0x08001634   0x0000005c   Code   RO         1537    i.os_assert         os_misc.o
    0x08001690   0x00000150   Code   RO         1319    i.os_heap_init      os_heap.o
    0x080017e0   0x00000018   Code   RO         1229    i.os_init           os.o
    0x080017f8   0x0000003c   Code   RO         1370    i.os_init_idle_task  os_idle.o
    0x08001834   0x0000003c   Code   RO         1923    i.os_init_timer_task  os_timer_task.o
    0x08001870   0x00000024   Code   RO         1425    i.os_isr_enter      os_irq.o
    0x08001894   0x00000024   Code   RO         1426    i.os_isr_leave      os_irq.o
    0x080018b8   0x0000000c   Code   RO         1427    i.os_isr_nest_get   os_irq.o
    0x080018c4   0x00000006   Code   RO         1455    i.os_list_init      os_list.o
    0x080018ca   0x0000000e   Code   RO         1456    i.os_list_insert_after  os_list.o
    0x080018d8   0x0000000e   Code   RO         1457    i.os_list_insert_before  os_list.o
    0x080018e6   0x00000010   Code   RO         1458    i.os_list_isempty   os_list.o
    0x080018f6   0x00000012   Code   RO         1459    i.os_list_remove    os_list.o
    0x08001908   0x00000048   Code   RO         2019    i.os_memset         rtstring.o
    0x08001950   0x00000098   Code   RO         1655    i.os_sched          os_sched.o
    0x080019e8   0x0000004c   Code   RO         1656    i.os_sched_init     os_sched.o
    0x08001a34   0x00000084   Code   RO         1657    i.os_sched_insert   os_sched.o
    0x08001ab8   0x00000020   Code   RO         1658    i.os_sched_lock     os_sched.o
    0x08001ad8   0x00000090   Code   RO         1659    i.os_sched_remove   os_sched.o
    0x08001b68   0x00000048   Code   RO         1660    i.os_sched_start    os_sched.o
    0x08001bb0   0x0000003c   Code   RO         1661    i.os_sched_unlock   os_sched.o
    0x08001bec   0x00000038   Code   RO         1714    i.os_sem_init       os_sem.o
    0x08001c24   0x00000084   Code   RO         1924    i.os_soft_timer_check  os_timer_task.o
    0x08001ca8   0x00000010   Code   RO         1230    i.os_start          os.o
    0x08001cb8   0x00000012   Code   RO         2022    i.os_strlen         rtstring.o
    0x08001cca   0x00000002   PAD
    0x08001ccc   0x00000044   Code   RO         1757    i.os_task_exit      os_task.o
    0x08001d10   0x00000008   Code   RO         1371    i.os_task_idle_entry  os_idle.o
    0x08001d18   0x00000094   Code   RO         1372    i.os_task_idle_excute  os_idle.o
    0x08001dac   0x00000068   Code   RO         1758    i.os_task_init      os_task.o
    0x08001e14   0x00000060   Code   RO         1760    i.os_task_resume    os_task.o
    0x08001e74   0x0000000c   Code   RO         1761    i.os_task_self      os_task.o
    0x08001e80   0x00000068   Code   RO         1762    i.os_task_sleep     os_task.o
    0x08001ee8   0x00000088   Code   RO         1763    i.os_task_startup   os_task.o
    0x08001f70   0x00000060   Code   RO         1764    i.os_task_suspend   os_task.o
    0x08001fd0   0x00000078   Code   RO         1765    i.os_task_timeout   os_task.o
    0x08002048   0x00000044   Code   RO         1925    i.os_task_timer_entry  os_timer_task.o
    0x0800208c   0x00000058   Code   RO         1766    i.os_task_yield     os_task.o
    0x080020e4   0x0000000c   Code   RO         1835    i.os_tick_get       os_tick.o
    0x080020f0   0x00000030   Code   RO         1836    i.os_tick_increase  os_tick.o
    0x08002120   0x00000084   Code   RO         1862    i.os_timer_check    os_timer.o
    0x080021a4   0x0000003c   Code   RO         1863    i.os_timer_delete   os_timer.o
    0x080021e0   0x00000044   Code   RO         1864    i.os_timer_init     os_timer.o
    0x08002224   0x000000cc   Code   RO         1865    i.os_timer_start    os_timer.o
    0x080022f0   0x00000050   Code   RO         1866    i.os_timer_stop     os_timer.o
    0x08002340   0x0000002c   Code   RO         1868    i.os_timer_tick_set  os_timer.o
    0x0800236c   0x0000000c   Code   RO         1953    i.os_version_get    os_version.o
    0x08002378   0x00000328   Code   RO         1970    i.os_vsnprintf      rtstdio.o
    0x080026a0   0x0000018c   Code   RO         1972    i.print_number      rtstdio.o
    0x0800282c   0x00000038   Code   RO         1973    i.printk            rtstdio.o
    0x08002864   0x00000026   Code   RO         1974    i.skip_atoi         rtstdio.o
    0x0800288a   0x00000002   PAD
    0x0800288c   0x00000014   Code   RO         2126    i.time_out1         timer_test.o
    0x080028a0   0x00000014   Code   RO         2127    i.time_out2         timer_test.o
    0x080028b4   0x00000034   Code   RO         2128    i.time_out3         timer_test.o
    0x080028e8   0x00000038   Code   RO         2129    i.time_out4         timer_test.o
    0x08002920   0x000000a0   Code   RO         2130    i.timer_test        timer_test.o
    0x080029c0   0x00000048   Code   RO          243    i.usart2_init       usart2.o
    0x08002a08   0x00000048   Code   RO          244    i.usart2_output     usart2.o
    0x08002a50   0x0000003f   Data   RO         1325    .constdata          os_heap.o
    0x08002a8f   0x00000014   Data   RO         1374    .constdata          os_idle.o
    0x08002aa3   0x00000036   Data   RO         1663    .constdata          os_sched.o
    0x08002ad9   0x00000033   Data   RO         1718    .constdata          os_sem.o
    0x08002b0c   0x0000008c   Data   RO         1767    .constdata          os_task.o
    0x08002b98   0x0000005f   Data   RO         1869    .constdata          os_timer.o
    0x08002bf7   0x00000022   Data   RO         1976    .constdata          rtstdio.o
    0x08002c19   0x00000003   PAD
    0x08002c1c   0x00000020   Data   RO         2329    Region$$Table       anon$$obj.o


    Execution Region RW_IRAM1 (Base: 0x20000000, Size: 0x00001bd0, Max: 0x00010000, ABSOLUTE)

    Base Addr    Size         Type   Attr      Idx    E Section Name        Object

    0x20000000   0x00000014   Data   RW          194    .data               system_stm32f10x.o
    0x20000014   0x00000014   Data   RW          624    .data               stm32f10x_rcc.o
    0x20000028   0x00000010   Data   RW         1198    .data               cpuport.o
    0x20000038   0x00000004   Data   RW         1248    .data               os_console.o
    0x2000003c   0x00000018   Data   RW         1327    .data               os_heap.o
    0x20000054   0x00000001   Data   RW         1428    .data               os_irq.o
    0x20000055   0x00000003   PAD
    0x20000058   0x00000014   Data   RW         1664    .data               os_sched.o
    0x2000006c   0x00000004   Data   RW         1837    .data               os_tick.o
    0x20000070   0x00000008   Data   RW         1870    .data               os_timer.o
    0x20000078   0x00000008   Data   RW         1927    .data               os_timer_task.o
    0x20000080   0x00000004   Data   RW         1954    .data               os_version.o
    0x20000084   0x00000010   Zero   RW         1324    .bss                os_heap.o
    0x20000094   0x00000004   PAD
    0x20000098   0x000000e8   Zero   RW         1373    .bss                os_idle.o
    0x20000180   0x00000820   Zero   RW         1662    .bss                os_sched.o
    0x200009a0   0x00000268   Zero   RW         1926    .bss                os_timer_task.o
    0x20000c08   0x00000080   Zero   RW         1975    .bss                rtstdio.o
    0x20000c88   0x00000868   Zero   RW         2085    .bss                application.o
    0x200014f0   0x00000080   Zero   RW         2131    .bss                timer_test.o
    0x20001570   0x00000060   Zero   RW         2203    .bss                c_w.l(libspace.o)
    0x200015d0   0x00000200   Zero   RW          286    HEAP                startup_stm32f10x_cl.o
    0x200017d0   0x00000400   Zero   RW          285    STACK               startup_stm32f10x_cl.o


==============================================================================

Image component sizes


      Code (inc. data)   RO Data    RW Data    ZI Data      Debug   Object Name

       164         66          0          0       2152       1893   application.o
       244        102          0          0          0     281166   board.o
       236         26          0          0          0        668   context_rvds.o
       600        324          0         16          0       3321   cpuport.o
        52          6          0          0          0       1227   io.o
        24          0          0          0          0        387   main.o
        40          8          0          0          0        805   os.o
         2          0          0          4          0        823   os_console.o
       336        132         63         24         16       5354   os_heap.o
       236         74         20          0        232       2569   os_idle.o
        84         18          0          1          0       1742   os_irq.o
        68          0          0          0          0       2665   os_list.o
        92         56          0          0          0        604   os_misc.o
       856        240         54         20       2080       5030   os_sched.o
        56         16         51          0          0       2735   os_sem.o
      1000        280        140          0          0       7815   os_task.o
        60         12          0          4          0       1293   os_tick.o
       650        122         95          8          0       6084   os_timer.o
       260         34          0          8        616       2151   os_timer_task.o
        12          6          0          4          0        622   os_version.o
      1298         26         34          0        128       4388   rtstdio.o
        90          0          0          0          0       2064   rtstring.o
        64         26        336          0       1536        796   startup_stm32f10x_cl.o
      1040        208          0          0          0       3042   stm32f10x_gpio.o
       648        134          0         20          0       5210   stm32f10x_rcc.o
      1056        284          0          0          0       4272   stm32f10x_usart.o
       396         32          0         20          0       2153   system_stm32f10x.o
       308        118          0          0        128       2390   timer_test.o
       236         16          0          0          0       2023   usart2.o

    ----------------------------------------------------------------------
     10216       2366        828        132       6892     355292   Object Totals
         0          0         32          0          0          0   (incl. Generated)
         8          0          3          3          4          0   (incl. Padding)

    ----------------------------------------------------------------------

      Code (inc. data)   RO Data    RW Data    ZI Data      Debug   Library Member Name

         8          0          0          0          0         68   __main.o
         0          0          0          0          0          0   __rtentry.o
        12          0          0          0          0          0   __rtentry2.o
         6          0          0          0          0          0   __rtentry4.o
        52          8          0          0          0          0   __scatter.o
        26          0          0          0          0          0   __scatter_copy.o
        28          0          0          0          0          0   __scatter_zi.o
        18          0          0          0          0         80   exit.o
         6          0          0          0          0        152   heapauxi.o
         0          0          0          0          0          0   indicate_semi.o
         2          0          0          0          0          0   libinit.o
         2          0          0          0          0          0   libinit2.o
         2          0          0          0          0          0   libshutdown.o
         2          0          0          0          0          0   libshutdown2.o
         8          4          0          0         96         68   libspace.o
         2          0          0          0          0          0   rtexit.o
        10          0          0          0          0          0   rtexit2.o
        12          4          0          0          0         68   sys_exit.o
        74          0          0          0          0         80   sys_stackheap_outer.o
         2          0          0          0          0         68   use_no_semi.o

    ----------------------------------------------------------------------
       280         16          0          0         96        584   Library Totals
         8          0          0          0          0          0   (incl. Padding)

    ----------------------------------------------------------------------

      Code (inc. data)   RO Data    RW Data    ZI Data      Debug   Library Name

       272         16          0          0         96        584   c_w.l

    ----------------------------------------------------------------------
       280         16          0          0         96        584   Library Totals

    ----------------------------------------------------------------------

==============================================================================


      Code (inc. data)   RO Data    RW Data    ZI Data      Debug   

     10496       2382        828        132       6988     351244   Grand Totals
     10496       2382        828        132       6988     351244   ELF Image Totals
     10496       2382        828        132          0          0   ROM Totals

==============================================================================

    Total RO  Size (Code + RO Data)                11324 (  11.06kB)
    Total RW  Size (RW Data + ZI Data)              7120 (   6.95kB)
    Total ROM Size (Code + RO Data + RW Data)      11456 (  11.19kB)

==============================================================================

