<html>
<body>
<pre>
<h1>µVision Build Log</h1>
<h2>Tool Versions:</h2>
IDE-Version: ¦ÌVision V5.23.0.0
Copyright (C) 2017 ARM Ltd and ARM Germany GmbH. All rights reserved.
License Information: z t, x, LIC=14HY8-3CKBS-PCBJ8-3G46T-D0AQ6-2ANQD
 
Tool Versions:
Toolchain:       MDK-ARM Plus  Version: 5.23
Toolchain Path:  d:\Keil_v5\ARM\ARMCC\Bin
C Compiler:      Armcc.exe V5.06 update 4 (build 422)
Assembler:       Armasm.exe V5.06 update 4 (build 422)
Linker/Locator:  ArmLink.exe V5.06 update 4 (build 422)
Library Manager: ArmAr.exe V5.06 update 4 (build 422)
Hex Converter:   FromElf.exe V5.06 update 4 (build 422)
CPU DLL:         SARMCM3.DLL V5.23
Dialog DLL:      DCM.DLL V1.15.0.0
Target DLL:      Segger\JL2CM3.dll V2.99.23.0
Dialog DLL:      TCM.DLL V1.27.0.0
 
<h2>Project:</h2>
E:\rtt_lite\apps\timer\f107.uvprojx
Project File Date:  07/22/2017

<h2>Output:</h2>
*** Using Compiler 'V5.06 update 4 (build 422)', folder: 'd:\Keil_v5\ARM\ARMCC\Bin'
Rebuild target 'STM32F107VC'
assembling startup_stm32f10x_cl.s...
compiling board.c...
compiling system_stm32f10x.c...
compiling usart2.c...
compiling stm32f10x_dma.c...
compiling stm32f10x_gpio.c...
compiling io.c...
compiling misc.c...
assembling context_rvds.S...
compiling os.c...
compiling os_console.c...
compiling cpuport.c...
compiling os_error.c...
compiling os_event.c...
compiling stm32f10x_rcc.c...
compiling os_idle.c...
compiling os_heap.c...
compiling os_list.c...
compiling os_ipc.c...
compiling os_irq.c...
compiling os_misc.c...
compiling stm32f10x_spi.c...
compiling os_mbox.c...
compiling os_mqueue.c...
compiling os_mpool.c...
compiling os_mutex.c...
compiling os_sched.c...
compiling os_sem.c...
compiling os_tick.c...
compiling os_task.c...
compiling stm32f10x_usart.c...
compiling os_timer_task.c...
compiling os_timer.c...
compiling os_version.c...
compiling application.c...
compiling rtstring.c...
compiling rtstdio.c...
compiling main.c...
compiling timer_test.c...
linking...
Program Size: Code=10496 RO-data=828 RW-data=132 ZI-data=6988  
".\output\timer.axf" - 0 Error(s), 0 Warning(s).

<h2>Collection of Component include folders:</h2>
  .\RTE\_STM32F107VC
  d:\Keil_v5\ARM\PACK\Keil\STM32F1xx_DFP\2.2.0\Device\Include

<h2>Collection of Component Files used:</h2>
Build Time Elapsed:  00:00:01
</pre>
</body>
</html>
